mx6q_tqcorec.c:672:13:enable_lvds	0	static
mx6q_tqcorec.c:219:13:enable_rgb	8	static
mx6q_tqcorec.c:666:13:do_enable_hdmi	0	static
mx6q_tqcorec.c:81:5:dram_init	8	static
mx6q_tqcorec.c:180:5:board_spi_cs_gpio	0	static
mx6q_tqcorec.c:318:5:board_mmc_get_env_dev	0	static
mx6q_tqcorec.c:323:5:mmc_map_to_kernel_blk	0	static
mx6q_tqcorec.c:328:5:board_mmc_getcd	8	static
mx6q_tqcorec.c:348:5:board_mmc_init	24	static
mx6q_tqcorec.c:620:5:mx6_rgmii_rework	24	static
mx6q_tqcorec.c:643:5:board_phy_config	8	static
mx6q_tqcorec.c:826:5:overwrite_console	0	static
mx6q_tqcorec.c:844:5:board_eth_init	8	static
mx6q_tqcorec.c:882:5:board_ehci_hcd_init	0	static
mx6q_tqcorec.c:897:5:board_ehci_power	8	static
mx6q_tqcorec.c:917:5:board_early_init_f	8	static
mx6q_tqcorec.c:927:5:board_init	8	static
mx6q_tqcorec.c:1163:5:board_late_init	8	static
mx6q_tqcorec.c:1187:5:checkboard	8	static
