cfb_console.c:1208:13:draw_bitmap	24	static
cfb_console.c:824:13:console_newline.constprop	16	static
cfb_console.c:890:13:video_putc	32	static
cfb_console.c:1104:13:video_puts	24	static
cfb_console.c:397:12:board_cfb_skip	0	static
cfb_console.c:1126:13:video_set_lut	0	static
cfb_console.c:1245:12:display_rle8_bitmap	1088	static
cfb_console.c:1805:13:plot_logo_or_black	48	static
cfb_console.c:1790:12:do_clrlogo	8	static
cfb_console.c:1394:5:video_display_bitmap	48	static
cfb_console.c:2077:6:video_clear	0	static
cfb_console.c:2205:12:board_video_skip	0	static
cfb_console.c:2211:5:drv_video_init	120	static
cfb_console.c:2266:6:video_position_cursor	0	static
cfb_console.c:2272:5:video_get_pixel_width	0	static
cfb_console.c:2277:5:video_get_pixel_height	0	static
cfb_console.c:2282:5:video_get_screen_rows	0	static
cfb_console.c:2287:5:video_get_screen_columns	0	static
