ipu_common.c:223:12:clk_ldb_clk_enable	0	static
ipu_common.c:154:12:clk_ipu_enable	0	static
ipu_common.c:234:13:clk_ldb_clk_disable	0	static
ipu_common.c:176:13:clk_ipu_disable	0	static
ipu_common.c:414:12:ipu_pixel_clk_enable	0	static
ipu_common.c:423:13:ipu_pixel_clk_disable	0	static
ipu_common.c:351:22:ipu_pixel_clk_round_rate	48	static
ipu_common.c:385:12:ipu_pixel_clk_set_rate	32	static
ipu_common.c:335:13:ipu_pixel_clk_recalc	24	static
ipu_common.c:431:12:ipu_pixel_clk_set_parent	8	static
ipu_common.c:84:6:clk_enable	0	static
ipu_common.c:93:6:clk_disable	0	static
ipu_common.c:103:5:clk_get_usecount	0	static
ipu_common.c:111:5:clk_get_rate	0	static
ipu_common.c:119:13:clk_get_parent	0	static
ipu_common.c:127:5:clk_set_rate	8	static
ipu_common.c:138:6:clk_round_rate	0	static
ipu_common.c:146:5:clk_set_parent	0	static
ipu_common.c:506:5:ipu_probe	24	static
ipu_common.c:574:6:ipu_dump_registers	0	static
ipu_common.c:620:9:ipu_init_channel	24	static
ipu_common.c:709:6:ipu_uninit_channel	32	static
ipu_common.c:1108:9:ipu_enable_channel	16	static
ipu_common.c:1152:6:ipu_clear_buffer_ready	0	static
ipu_common.c:1186:9:ipu_disable_channel	32	static
ipu_common.c:1240:10:bytes_per_pixel	0	static
ipu_common.c:1052:9:ipu_init_channel_buffer	104	static
ipu_common.c:1273:19:format_to_colorspace	0	static
ipu_common.c:1298:5:ipu_set_ldb_clock	0	static
