Archive member included to satisfy reference by file (symbol)

/opt/gcc-linaro-6.4.1-2018.05-x86_64_arm-linux-gnueabi/bin/../lib/gcc/arm-linux-gnueabi/6.4.1/libgcc.a(_udivsi3.o)
                              arch/arm/cpu/armv7/built-in.o (__aeabi_uidiv)
/opt/gcc-linaro-6.4.1-2018.05-x86_64_arm-linux-gnueabi/bin/../lib/gcc/arm-linux-gnueabi/6.4.1/libgcc.a(_divsi3.o)
                              cmd/built-in.o (__aeabi_idiv)
/opt/gcc-linaro-6.4.1-2018.05-x86_64_arm-linux-gnueabi/bin/../lib/gcc/arm-linux-gnueabi/6.4.1/libgcc.a(_lshrdi3.o)
                              fs/built-in.o (__aeabi_llsr)
/opt/gcc-linaro-6.4.1-2018.05-x86_64_arm-linux-gnueabi/bin/../lib/gcc/arm-linux-gnueabi/6.4.1/libgcc.a(_ashldi3.o)
                              drivers/mmc/built-in.o (__aeabi_llsl)
/opt/gcc-linaro-6.4.1-2018.05-x86_64_arm-linux-gnueabi/bin/../lib/gcc/arm-linux-gnueabi/6.4.1/libgcc.a(_dvmd_lnx.o)
                              /opt/gcc-linaro-6.4.1-2018.05-x86_64_arm-linux-gnueabi/bin/../lib/gcc/arm-linux-gnueabi/6.4.1/libgcc.a(_udivsi3.o) (__aeabi_idiv0)

Discarded input sections

 .data          0x0000000000000000        0x0 arch/arm/cpu/armv7/start.o
 .bss           0x0000000000000000        0x0 arch/arm/cpu/armv7/start.o
 .text.v7_outer_cache_enable
                0x0000000000000000        0x4 arch/arm/cpu/armv7/built-in.o
 .text.v7_outer_cache_disable
                0x0000000000000000        0x4 arch/arm/cpu/armv7/built-in.o
 .text.v7_outer_cache_flush_all
                0x0000000000000000        0x4 arch/arm/cpu/armv7/built-in.o
 .text.v7_outer_cache_inval_all
                0x0000000000000000        0x4 arch/arm/cpu/armv7/built-in.o
 .text.v7_outer_cache_flush_range
                0x0000000000000000        0x4 arch/arm/cpu/armv7/built-in.o
 .text.v7_outer_cache_inval_range
                0x0000000000000000        0x4 arch/arm/cpu/armv7/built-in.o
 .text.v7_arch_cp15_set_l2aux_ctrl
                0x0000000000000000        0x8 arch/arm/cpu/armv7/built-in.o
 .text.v7_arch_cp15_set_acr
                0x0000000000000000        0x8 arch/arm/cpu/armv7/built-in.o
 .text.sdelay   0x0000000000000000        0xc arch/arm/cpu/armv7/built-in.o
 .text.wait_on_value
                0x0000000000000000       0x34 arch/arm/cpu/armv7/built-in.o
 .text.board_mmc_get_env_dev
                0x0000000000000000        0x8 arch/arm/cpu/armv7/built-in.o
 .text.get_boot_device
                0x0000000000000000       0x9c arch/arm/cpu/armv7/built-in.o
 .text.set_wdog_reset
                0x0000000000000000       0x18 arch/arm/cpu/armv7/built-in.o
 .text.enable_enet_clk
                0x0000000000000000       0x64 arch/arm/cpu/armv7/built-in.o
 .text.enable_uart_clk
                0x0000000000000000       0x60 arch/arm/cpu/armv7/built-in.o
 .text.enable_usdhc_clk
                0x0000000000000000       0x54 arch/arm/cpu/armv7/built-in.o
 .text.enable_spi_clk
                0x0000000000000000       0x44 arch/arm/cpu/armv7/built-in.o
 .data          0x0000000000000000        0x0 arch/arm/cpu/armv7/built-in.o
 .bss           0x0000000000000000        0x0 arch/arm/cpu/armv7/built-in.o
 .text          0x0000000000000000        0x0 arch/arm/imx-common/built-in.o
 .text.get_imx_reset_cause
                0x0000000000000000       0x10 arch/arm/imx-common/built-in.o
 .text.set_chipselect_size
                0x0000000000000000       0x7c arch/arm/imx-common/built-in.o
 .text.mxs_wait_mask_set
                0x0000000000000000       0x3c arch/arm/imx-common/built-in.o
 .text.mxs_wait_mask_clr
                0x0000000000000000       0x3c arch/arm/imx-common/built-in.o
 .text.mxs_reset_block
                0x0000000000000000       0x90 arch/arm/imx-common/built-in.o
 .text.detect_hdmi
                0x0000000000000000       0x18 arch/arm/imx-common/built-in.o
 .rodata.set_chipselect_size.str1.1
                0x0000000000000000       0x1e arch/arm/imx-common/built-in.o
 .data          0x0000000000000000        0x0 arch/arm/imx-common/built-in.o
 .bss           0x0000000000000000        0x0 arch/arm/imx-common/built-in.o
 .text.reset_misc
                0x0000000000000000        0x4 arch/arm/lib/built-in.o
 .text.enable_caches
                0x0000000000000000        0xc arch/arm/lib/built-in.o
 .text.invalidate_dcache_range
                0x0000000000000000        0x4 arch/arm/lib/built-in.o
 .text.flush_dcache_range
                0x0000000000000000        0x4 arch/arm/lib/built-in.o
 .text.flush_dcache_all
                0x0000000000000000        0xc arch/arm/lib/built-in.o
 .text.arm_init_before_mmu
                0x0000000000000000        0x4 arch/arm/lib/built-in.o
 .text.mmu_page_table_flush
                0x0000000000000000        0x4 arch/arm/lib/built-in.o
 .rodata.pl310  0x0000000000000000        0x4 arch/arm/lib/built-in.o
 .rodata.enable_caches.str1.1
                0x0000000000000000       0x1d arch/arm/lib/built-in.o
 .data          0x0000000000000000        0x0 arch/arm/lib/built-in.o
 .__secure_end  0x0000000000000000        0x0 arch/arm/lib/built-in.o
 .__secure_start
                0x0000000000000000        0x0 arch/arm/lib/built-in.o
 .bss           0x0000000000000000        0x0 arch/arm/lib/built-in.o
 .text          0x0000000000000000        0x0 board/freescale/common/built-in.o
 .text.mmc_map_to_kernel_blk
                0x0000000000000000        0x4 board/freescale/common/built-in.o
 .data          0x0000000000000000        0x0 board/freescale/common/built-in.o
 .bss           0x0000000000000000        0x0 board/freescale/common/built-in.o
 .text          0x0000000000000000        0x0 board/freescale/mx6q_tqcorec/built-in.o
 .data          0x0000000000000000        0x0 board/freescale/mx6q_tqcorec/built-in.o
 .bss           0x0000000000000000        0x0 board/freescale/mx6q_tqcorec/built-in.o
 .text          0x0000000000000000        0x0 cmd/built-in.o
 .text.bootz_setup
                0x0000000000000000       0x18 cmd/built-in.o
 .text.invalidate_icache_all
                0x0000000000000000        0xc cmd/built-in.o
 .text.flush_dcache_all
                0x0000000000000000        0xc cmd/built-in.o
 .rodata.bootz_setup.str1.1
                0x0000000000000000       0x34 cmd/built-in.o
 .rodata.flush_dcache_all.str1.1
                0x0000000000000000       0x2e cmd/built-in.o
 .rodata.invalidate_icache_all.str1.1
                0x0000000000000000       0x33 cmd/built-in.o
 .data          0x0000000000000000        0x0 cmd/built-in.o
 .bss           0x0000000000000000        0x0 cmd/built-in.o
 .text          0x0000000000000000        0x0 common/built-in.o
 .text.hash_progressive_lookup_algo
                0x0000000000000000       0x3c common/built-in.o
 .text.hash_parse_string
                0x0000000000000000       0x68 common/built-in.o
 .text.hash_block
                0x0000000000000000       0x6c common/built-in.o
 .text.unset_local_var
                0x0000000000000000       0xa0 common/built-in.o
 .text.arch_cpu_init
                0x0000000000000000        0x8 common/built-in.o
 .text.red_led_off
                0x0000000000000000        0x4 common/built-in.o
 .text.green_led_on
                0x0000000000000000        0x4 common/built-in.o
 .text.green_led_off
                0x0000000000000000        0x4 common/built-in.o
 .text.yellow_led_on
                0x0000000000000000        0x4 common/built-in.o
 .text.yellow_led_off
                0x0000000000000000        0x4 common/built-in.o
 .text.blue_led_on
                0x0000000000000000        0x4 common/built-in.o
 .text.blue_led_off
                0x0000000000000000        0x4 common/built-in.o
 .text.arch_reserve_stacks
                0x0000000000000000        0x8 common/built-in.o
 .text.board_flash_wp_on
                0x0000000000000000        0x8 common/built-in.o
 .text.fixup_cpu
                0x0000000000000000        0x8 common/built-in.o
 .text.checkboard
                0x0000000000000000        0x8 common/built-in.o
 .text.arch_preboot_os
                0x0000000000000000        0x4 common/built-in.o
 .text.env_flags_parse_varaccess_from_binflags
                0x0000000000000000       0x54 common/built-in.o
 .text.mmc_get_env_dev
                0x0000000000000000        0x8 common/built-in.o
 .text.mmc_get_env_part
                0x0000000000000000        0x8 common/built-in.o
 .text.of_bus_default_map
                0x0000000000000000       0xdc common/built-in.o
 .text.fdt_read_prop
                0x0000000000000000       0x64 common/built-in.o
 .text.of_bus_default_count_cells
                0x0000000000000000       0x58 common/built-in.o
 .text.of_bus_default_translate
                0x0000000000000000       0xa8 common/built-in.o
 .text.fdt_getprop_u32_default_node
                0x0000000000000000       0x40 common/built-in.o
 .text.fdt_getprop_u32_default
                0x0000000000000000       0x3c common/built-in.o
 .text.do_fixup_by_path_u32
                0x0000000000000000       0x2c common/built-in.o
 .text.do_fixup_by_prop
                0x0000000000000000       0x9c common/built-in.o
 .text.do_fixup_by_prop_u32
                0x0000000000000000       0x38 common/built-in.o
 .text.do_fixup_by_compat
                0x0000000000000000       0x8c common/built-in.o
 .text.do_fixup_by_compat_u32
                0x0000000000000000       0x2c common/built-in.o
 .text.fdt_increase_size
                0x0000000000000000       0x14 common/built-in.o
 .text.fdt_del_node_and_alias
                0x0000000000000000       0x44 common/built-in.o
 .text.fdt_translate_address
                0x0000000000000000      0x27c common/built-in.o
 .text.fdt_node_offset_by_compat_reg
                0x0000000000000000       0x8c common/built-in.o
 .text.fdt_alloc_phandle
                0x0000000000000000       0x58 common/built-in.o
 .text.fdt_set_phandle
                0x0000000000000000       0x60 common/built-in.o
 .text.fdt_create_phandle
                0x0000000000000000       0x64 common/built-in.o
 .text.fdt_set_node_status
                0x0000000000000000       0xe8 common/built-in.o
 .text.fdt_set_status_by_alias
                0x0000000000000000       0x2c common/built-in.o
 .text.fdt_add_edid
                0x0000000000000000       0xac common/built-in.o
 .text.fdt_verify_alias_address
                0x0000000000000000       0xcc common/built-in.o
 .text.fdt_get_base_address
                0x0000000000000000       0x54 common/built-in.o
 .text.fdt_read_range
                0x0000000000000000      0x13c common/built-in.o
 .text.fdt_setup_simplefb_node
                0x0000000000000000      0x208 common/built-in.o
 .text.fdt_fixup_display
                0x0000000000000000       0xd4 common/built-in.o
 .text.legacy_miiphy_read
                0x0000000000000000       0x34 common/built-in.o
 .text.legacy_miiphy_write
                0x0000000000000000       0x28 common/built-in.o
 .text.miiphy_register
                0x0000000000000000      0x124 common/built-in.o
 .text.mdio_free
                0x0000000000000000        0x4 common/built-in.o
 .text.usb_detect_change
                0x0000000000000000       0x6c common/built-in.o
 .text.usb_submit_int_msg
                0x0000000000000000        0x4 common/built-in.o
 .text.usb_set_protocol
                0x0000000000000000       0x4c common/built-in.o
 .text.usb_set_idle
                0x0000000000000000       0x54 common/built-in.o
 .text.usb_get_report
                0x0000000000000000       0x5c common/built-in.o
 .text.usb_get_class_descriptor
                0x0000000000000000       0x5c common/built-in.o
 .text.usb_stor_reset
                0x0000000000000000       0x14 common/built-in.o
 .text.bounce_buffer_start
                0x0000000000000000       0x8c common/built-in.o
 .text.bounce_buffer_stop
                0x0000000000000000       0x54 common/built-in.o
 .text.fputc    0x0000000000000000       0x1c common/built-in.o
 .text.fputs    0x0000000000000000       0x1c common/built-in.o
 .text.fprintf  0x0000000000000000       0x4c common/built-in.o
 .text.disable_ctrlc
                0x0000000000000000       0x18 common/built-in.o
 .text.valloc   0x0000000000000000        0xc common/built-in.o
 .text.pvalloc  0x0000000000000000       0x18 common/built-in.o
 .text.cfree    0x0000000000000000        0x4 common/built-in.o
 .text.malloc_usable_size
                0x0000000000000000       0x44 common/built-in.o
 .text.mallopt  0x0000000000000000       0x54 common/built-in.o
 .text.memalign_simple
                0x0000000000000000       0x44 common/built-in.o
 .text.genimg_get_type_short_name
                0x0000000000000000       0x28 common/built-in.o
 .text.get_table_entry_id
                0x0000000000000000       0x4c common/built-in.o
 .text.genimg_get_os_id
                0x0000000000000000       0x18 common/built-in.o
 .text.genimg_get_arch_id
                0x0000000000000000       0x18 common/built-in.o
 .text.genimg_get_type_id
                0x0000000000000000       0x18 common/built-in.o
 .text.genimg_get_comp_id
                0x0000000000000000       0x18 common/built-in.o
 .text.genimg_get_kernel_addr
                0x0000000000000000       0x24 common/built-in.o
 .text.arch_fixup_fdt
                0x0000000000000000        0x8 common/built-in.o
 .text.get_ram_size
                0x0000000000000000       0xdc common/built-in.o
 .text.stdio_init
                0x0000000000000000       0x14 common/built-in.o
 .text.cli_simple_parse_line
                0x0000000000000000       0x88 common/built-in.o
 .text.cli_simple_process_macros
                0x0000000000000000      0x20c common/built-in.o
 .text.cli_simple_run_command
                0x0000000000000000      0x158 common/built-in.o
 .text.cli_simple_loop
                0x0000000000000000       0x80 common/built-in.o
 .text.cli_simple_run_command_list
                0x0000000000000000       0x74 common/built-in.o
 .text.run_command_repeatable
                0x0000000000000000       0x1c common/built-in.o
 .rodata.env_flags_parse_varaccess_from_binflags.str1.1
                0x0000000000000000       0x2c common/built-in.o
 .rodata.__FUNCTION__.8998
                0x0000000000000000       0x17 common/built-in.o
 .rodata.fdt_add_edid.str1.1
                0x0000000000000000       0x3b common/built-in.o
 .rodata.fdt_create_phandle.str1.1
                0x0000000000000000       0x1a common/built-in.o
 .rodata.fdt_fixup_display.str1.1
                0x0000000000000000       0x1c common/built-in.o
 .rodata.fdt_read_range.str1.1
                0x0000000000000000        0xf common/built-in.o
 .rodata.fdt_set_node_status.str1.1
                0x0000000000000000       0x3a common/built-in.o
 .rodata.fdt_set_phandle.str1.1
                0x0000000000000000       0x16 common/built-in.o
 .rodata.fdt_setup_simplefb_node.str1.1
                0x0000000000000000       0x2c common/built-in.o
 .rodata.fdt_translate_address.str1.1
                0x0000000000000000       0x22 common/built-in.o
 .rodata.fdt_verify_alias_address.str1.1
                0x0000000000000000       0xcd common/built-in.o
 .rodata.of_bus_default_count_cells.str1.1
                0x0000000000000000        0xc common/built-in.o
 .rodata.__FUNCTION__.9284
                0x0000000000000000       0x10 common/built-in.o
 .rodata.miiphy_register.str1.1
                0x0000000000000000       0x96 common/built-in.o
 .rodata.genimg_get_arch_id.str1.1
                0x0000000000000000        0x4 common/built-in.o
 .rodata.genimg_get_comp_id.str1.1
                0x0000000000000000        0xc common/built-in.o
 .rodata.genimg_get_os_id.str1.1
                0x0000000000000000        0x3 common/built-in.o
 .rodata.genimg_get_type_id.str1.1
                0x0000000000000000        0x6 common/built-in.o
 .rodata.genimg_get_type_short_name.str1.1
                0x0000000000000000        0x8 common/built-in.o
 .rodata.cli_simple_loop.str1.1
                0x0000000000000000       0x18 common/built-in.o
 .rodata.cli_simple_parse_line.str1.1
                0x0000000000000000       0x1f common/built-in.o
 .rodata.cli_simple_run_command.str1.1
                0x0000000000000000       0x16 common/built-in.o
 .data          0x0000000000000000        0x0 common/built-in.o
 .data.of_busses
                0x0000000000000000       0x14 common/built-in.o
 .bss           0x0000000000000000        0x0 common/built-in.o
 .bss.env_ptr   0x0000000000000000        0x4 common/built-in.o
 .bss.save_addr
                0x0000000000000000        0x4 common/built-in.o
 .bss.save_size
                0x0000000000000000        0x4 common/built-in.o
 .bss.lastcommand.7246
                0x0000000000000000      0x201 common/built-in.o
 .text          0x0000000000000000        0x0 disk/built-in.o
 .text.get_dev  0x0000000000000000        0x8 disk/built-in.o
 .data          0x0000000000000000        0x0 disk/built-in.o
 .bss           0x0000000000000000        0x0 disk/built-in.o
 .text          0x0000000000000000        0x0 drivers/built-in.o
 .text._device_find_global_by_of_offset
                0x0000000000000000       0x50 drivers/built-in.o
 .text.dev_get_parent_platdata
                0x0000000000000000       0x30 drivers/built-in.o
 .text.dev_get_uclass_platdata
                0x0000000000000000       0x30 drivers/built-in.o
 .text.dev_get_uclass_priv
                0x0000000000000000       0x30 drivers/built-in.o
 .text.dev_get_parent_priv
                0x0000000000000000       0x30 drivers/built-in.o
 .text.device_get_child
                0x0000000000000000       0x50 drivers/built-in.o
 .text.device_find_child_by_seq
                0x0000000000000000       0x68 drivers/built-in.o
 .text.device_get_child_by_seq
                0x0000000000000000       0x58 drivers/built-in.o
 .text.device_find_child_by_of_offset
                0x0000000000000000       0x4c drivers/built-in.o
 .text.device_get_child_by_of_offset
                0x0000000000000000       0x3c drivers/built-in.o
 .text.device_get_global_by_of_offset
                0x0000000000000000       0x40 drivers/built-in.o
 .text.device_find_first_child
                0x0000000000000000       0x1c drivers/built-in.o
 .text.device_find_next_child
                0x0000000000000000       0x28 drivers/built-in.o
 .text.dev_get_parent
                0x0000000000000000        0x8 drivers/built-in.o
 .text.dev_get_driver_data
                0x0000000000000000        0x8 drivers/built-in.o
 .text.dev_get_driver_ops
                0x0000000000000000       0x10 drivers/built-in.o
 .text.device_get_uclass_id
                0x0000000000000000       0x10 drivers/built-in.o
 .text.dev_get_uclass_name
                0x0000000000000000       0x14 drivers/built-in.o
 .text.dev_get_addr_index
                0x0000000000000000        0x8 drivers/built-in.o
 .text.dev_get_addr
                0x0000000000000000        0x8 drivers/built-in.o
 .text.device_has_children
                0x0000000000000000       0x14 drivers/built-in.o
 .text.device_has_active_children
                0x0000000000000000       0x40 drivers/built-in.o
 .text.device_is_last_sibling
                0x0000000000000000       0x24 drivers/built-in.o
 .text.device_set_name
                0x0000000000000000       0x24 drivers/built-in.o
 .text.device_bind_driver_to_node
                0x0000000000000000       0x48 drivers/built-in.o
 .text.device_bind_driver
                0x0000000000000000       0x18 drivers/built-in.o
 .text.dm_get_translation_offset
                0x0000000000000000       0x14 drivers/built-in.o
 .text.dm_set_translation_offset
                0x0000000000000000       0x18 drivers/built-in.o
 .text.dm_uninit
                0x0000000000000000       0x1c drivers/built-in.o
 .text.uclass_destroy
                0x0000000000000000       0x98 drivers/built-in.o
 .text.uclass_find_first_device
                0x0000000000000000       0x3c drivers/built-in.o
 .text.uclass_find_next_device
                0x0000000000000000       0x2c drivers/built-in.o
 .text.uclass_find_device_by_name
                0x0000000000000000       0x88 drivers/built-in.o
 .text.uclass_find_device_by_of_offset
                0x0000000000000000       0x68 drivers/built-in.o
 .text.uclass_get_device_by_name
                0x0000000000000000       0x30 drivers/built-in.o
 .text.uclass_get_device_by_seq
                0x0000000000000000       0x54 drivers/built-in.o
 .text.uclass_get_device_by_of_offset
                0x0000000000000000       0x30 drivers/built-in.o
 .text.uclass_first_device
                0x0000000000000000       0x38 drivers/built-in.o
 .text.uclass_next_device
                0x0000000000000000       0x40 drivers/built-in.o
 .text.dm_dbg   0x0000000000000000       0x28 drivers/built-in.o
 .text.list_count_items
                0x0000000000000000       0x28 drivers/built-in.o
 .text.device_unbind
                0x0000000000000000      0x130 drivers/built-in.o
 .text.dfu_usb_get_reset
                0x0000000000000000        0x8 drivers/built-in.o
 .text.dfu_get_alt
                0x0000000000000000       0xa8 drivers/built-in.o
 .text.dfu_write_from_mem_addr
                0x0000000000000000       0xc0 drivers/built-in.o
 .text.board_video_skip
                0x0000000000000000        0x8 drivers/built-in.o
 .text.video_position_cursor
                0x0000000000000000       0x60 drivers/built-in.o
 .text.video_get_pixel_width
                0x0000000000000000       0x14 drivers/built-in.o
 .text.video_get_pixel_height
                0x0000000000000000       0x14 drivers/built-in.o
 .text.video_get_screen_rows
                0x0000000000000000       0x28 drivers/built-in.o
 .text.video_get_screen_columns
                0x0000000000000000       0x18 drivers/built-in.o
 .text.ipu_set_ldb_clock
                0x0000000000000000       0x18 drivers/built-in.o
 .text._input_send_keycodes
                0x0000000000000000      0x408 drivers/built-in.o
 .text.input_tstc
                0x0000000000000000       0x48 drivers/built-in.o
 .text.input_getc
                0x0000000000000000       0x5c drivers/built-in.o
 .text.input_send_keycodes
                0x0000000000000000        0x8 drivers/built-in.o
 .text.input_add_keycode
                0x0000000000000000       0x84 drivers/built-in.o
 .text.input_add_table
                0x0000000000000000       0x40 drivers/built-in.o
 .text.input_set_delays
                0x0000000000000000        0xc drivers/built-in.o
 .text.input_allow_repeats
                0x0000000000000000        0x8 drivers/built-in.o
 .text.input_leds_changed
                0x0000000000000000       0x14 drivers/built-in.o
 .text.input_add_tables
                0x0000000000000000       0xb0 drivers/built-in.o
 .text.input_init
                0x0000000000000000       0x24 drivers/built-in.o
 .text.input_stdio_register
                0x0000000000000000       0x68 drivers/built-in.o
 .rodata.__func__.9240
                0x0000000000000000       0x18 drivers/built-in.o
 .rodata.__func__.9244
                0x0000000000000000       0x18 drivers/built-in.o
 .rodata.__func__.9252
                0x0000000000000000       0x14 drivers/built-in.o
 .rodata.__func__.9256
                0x0000000000000000       0x14 drivers/built-in.o
 .rodata.__func__.10331
                0x0000000000000000       0x18 drivers/built-in.o
 .rodata.dfu_write_from_mem_addr.str1.1
                0x0000000000000000       0x50 drivers/built-in.o
 .rodata.CSWTCH.35
                0x0000000000000000        0xd drivers/built-in.o
 .rodata.input_stdio_register.str1.1
                0x0000000000000000        0x6 drivers/built-in.o
 .rodata.kbd_plain_xlate
                0x0000000000000000       0x64 drivers/built-in.o
 .rodata.kbd_plain_xlate_german
                0x0000000000000000       0x84 drivers/built-in.o
 .rodata.kbd_to_ansi364
                0x0000000000000000       0x20 drivers/built-in.o
 .data          0x0000000000000000        0x0 drivers/built-in.o
 .data.kbd_ctrl_xlate
                0x0000000000000000       0x64 drivers/built-in.o
 .data.kbd_entry
                0x0000000000000000       0x8c drivers/built-in.o
 .data.kbd_right_alt_xlate_german
                0x0000000000000000       0x58 drivers/built-in.o
 .data.kbd_shift_xlate
                0x0000000000000000       0x64 drivers/built-in.o
 .data.kbd_shift_xlate_german
                0x0000000000000000       0x84 drivers/built-in.o
 .bss           0x0000000000000000        0x0 drivers/built-in.o
 .text          0x0000000000000000        0x0 drivers/gpio/built-in.o
 .data          0x0000000000000000        0x0 drivers/gpio/built-in.o
 .bss           0x0000000000000000        0x0 drivers/gpio/built-in.o
 .text          0x0000000000000000        0x0 drivers/i2c/built-in.o
 .text.i2c_reloc_fixup
                0x0000000000000000        0x4 drivers/i2c/built-in.o
 .text.i2c_init_board
                0x0000000000000000        0x4 drivers/i2c/built-in.o
 .text.i2c_reg_read
                0x0000000000000000       0x20 drivers/i2c/built-in.o
 .text.i2c_reg_write
                0x0000000000000000       0x20 drivers/i2c/built-in.o
 .text.i2c_get_base
                0x0000000000000000       0x18 drivers/i2c/built-in.o
 .text.__enable_i2c_clk
                0x0000000000000000        0x8 drivers/i2c/built-in.o
 .data          0x0000000000000000        0x0 drivers/i2c/built-in.o
 .bss           0x0000000000000000        0x0 drivers/i2c/built-in.o
 .text          0x0000000000000000        0x0 drivers/mmc/built-in.o
 .text.fdt_fixup_esdhc
                0x0000000000000000       0x5c drivers/mmc/built-in.o
 .text.board_mmc_getcd
                0x0000000000000000        0x8 drivers/mmc/built-in.o
 .text.mmc_register
                0x0000000000000000       0x20 drivers/mmc/built-in.o
 .text.mmc_destroy
                0x0000000000000000        0x4 drivers/mmc/built-in.o
 .text.cpu_mmc_init
                0x0000000000000000        0x8 drivers/mmc/built-in.o
 .text.board_mmc_init
                0x0000000000000000        0x8 drivers/mmc/built-in.o
 .text.mmc_set_preinit
                0x0000000000000000        0x8 drivers/mmc/built-in.o
 .rodata.fdt_fixup_esdhc.str1.1
                0x0000000000000000       0x26 drivers/mmc/built-in.o
 .rodata.__func__.9355
                0x0000000000000000        0xd drivers/mmc/built-in.o
 .rodata.mmc_register.str1.1
                0x0000000000000000       0x2d drivers/mmc/built-in.o
 .data          0x0000000000000000        0x0 drivers/mmc/built-in.o
 .bss           0x0000000000000000        0x0 drivers/mmc/built-in.o
 .text          0x0000000000000000        0x0 drivers/mtd/built-in.o
 .text.idr_remove
                0x0000000000000000       0x14 drivers/mtd/built-in.o
 .text.idr_find
                0x0000000000000000       0x14 drivers/mtd/built-in.o
 .text.idr_get_next
                0x0000000000000000       0x44 drivers/mtd/built-in.o
 .text.idr_alloc
                0x0000000000000000       0x3c drivers/mtd/built-in.o
 .text.__mtd_next_device
                0x0000000000000000       0x20 drivers/mtd/built-in.o
 .text.del_mtd_device
                0x0000000000000000       0x70 drivers/mtd/built-in.o
 .text.__get_mtd_device
                0x0000000000000000       0x38 drivers/mtd/built-in.o
 .text.get_mtd_device
                0x0000000000000000       0x88 drivers/mtd/built-in.o
 .text.get_mtd_device_nm
                0x0000000000000000       0x5c drivers/mtd/built-in.o
 .text.__put_mtd_device
                0x0000000000000000       0x4c drivers/mtd/built-in.o
 .text.put_mtd_device
                0x0000000000000000        0x4 drivers/mtd/built-in.o
 .text.mtd_erase
                0x0000000000000000       0x90 drivers/mtd/built-in.o
 .text.mtd_get_unmapped_area
                0x0000000000000000       0x60 drivers/mtd/built-in.o
 .text.mtd_read
                0x0000000000000000       0xa4 drivers/mtd/built-in.o
 .text.mtd_write
                0x0000000000000000       0x9c drivers/mtd/built-in.o
 .text.mtd_panic_write
                0x0000000000000000       0xa0 drivers/mtd/built-in.o
 .text.mtd_read_oob
                0x0000000000000000       0x60 drivers/mtd/built-in.o
 .text.mtd_get_fact_prot_info
                0x0000000000000000       0x34 drivers/mtd/built-in.o
 .text.mtd_read_fact_prot_reg
                0x0000000000000000       0x48 drivers/mtd/built-in.o
 .text.mtd_get_user_prot_info
                0x0000000000000000       0x34 drivers/mtd/built-in.o
 .text.mtd_read_user_prot_reg
                0x0000000000000000       0x48 drivers/mtd/built-in.o
 .text.mtd_write_user_prot_reg
                0x0000000000000000       0x64 drivers/mtd/built-in.o
 .text.mtd_lock_user_prot_reg
                0x0000000000000000       0x38 drivers/mtd/built-in.o
 .text.mtd_lock
                0x0000000000000000       0x74 drivers/mtd/built-in.o
 .text.mtd_unlock
                0x0000000000000000       0x74 drivers/mtd/built-in.o
 .text.add_mtd_device
                0x0000000000000000      0x1d0 drivers/mtd/built-in.o
 .text.mtd_is_locked
                0x0000000000000000       0x74 drivers/mtd/built-in.o
 .text.mtd_block_isreserved
                0x0000000000000000       0x50 drivers/mtd/built-in.o
 .text.mtd_block_isbad
                0x0000000000000000       0x50 drivers/mtd/built-in.o
 .text.mtd_block_markbad
                0x0000000000000000       0x64 drivers/mtd/built-in.o
 .rodata.__put_mtd_device.str1.1
                0x0000000000000000       0x2c drivers/mtd/built-in.o
 .rodata.add_mtd_device.str1.1
                0x0000000000000000       0x28 drivers/mtd/built-in.o
 .rodata.del_mtd_device.str1.1
                0x0000000000000000       0x30 drivers/mtd/built-in.o
 .data          0x0000000000000000        0x0 drivers/mtd/built-in.o
 .bss           0x0000000000000000        0x0 drivers/mtd/built-in.o
 .bss.mtd_idr   0x0000000000000000      0x200 drivers/mtd/built-in.o
 .bss.mtd_table
                0x0000000000000000       0x80 drivers/mtd/built-in.o
 .text          0x0000000000000000        0x0 drivers/mtd/spi/built-in.o
 .data          0x0000000000000000        0x0 drivers/mtd/spi/built-in.o
 .bss           0x0000000000000000        0x0 drivers/mtd/spi/built-in.o
 .text          0x0000000000000000        0x0 drivers/net/built-in.o
 .data          0x0000000000000000        0x0 drivers/net/built-in.o
 .bss           0x0000000000000000        0x0 drivers/net/built-in.o
 .text          0x0000000000000000        0x0 drivers/net/phy/built-in.o
 .text.phy_set_supported
                0x0000000000000000       0x5c drivers/net/phy/built-in.o
 .text.miiphy_reset
                0x0000000000000000       0x24 drivers/net/phy/built-in.o
 .text.phy_connect
                0x0000000000000000       0x50 drivers/net/phy/built-in.o
 .text.board_phy_config
                0x0000000000000000       0x1c drivers/net/phy/built-in.o
 .text.phy_shutdown
                0x0000000000000000       0x28 drivers/net/phy/built-in.o
 .text.phy_get_interface_by_name
                0x0000000000000000       0x40 drivers/net/phy/built-in.o
 .rodata.phy_connect.str1.1
                0x0000000000000000       0x23 drivers/net/phy/built-in.o
 .rodata.phy_interface_strings
                0x0000000000000000       0x38 drivers/net/phy/built-in.o
 .data          0x0000000000000000        0x0 drivers/net/phy/built-in.o
 .bss           0x0000000000000000        0x0 drivers/net/phy/built-in.o
 .text          0x0000000000000000        0x0 drivers/power/built-in.o
 .text.pmic_set_output
                0x0000000000000000       0x60 drivers/power/built-in.o
 .text.pmic_alloc
                0x0000000000000000       0x58 drivers/power/built-in.o
 .text.pmic_probe
                0x0000000000000000       0x38 drivers/power/built-in.o
 .rodata.__func__.7526
                0x0000000000000000        0xb drivers/power/built-in.o
 .rodata.pmic_alloc.str1.1
                0x0000000000000000       0x29 drivers/power/built-in.o
 .rodata.pmic_probe.str1.1
                0x0000000000000000       0x14 drivers/power/built-in.o
 .data          0x0000000000000000        0x0 drivers/power/built-in.o
 .bss           0x0000000000000000        0x0 drivers/power/built-in.o
 .text          0x0000000000000000        0x0 drivers/serial/built-in.o
 .text.serial_reinit_all
                0x0000000000000000       0x2c drivers/serial/built-in.o
 .data          0x0000000000000000        0x0 drivers/serial/built-in.o
 .bss           0x0000000000000000        0x0 drivers/serial/built-in.o
 .text          0x0000000000000000        0x0 drivers/spi/built-in.o
 .text.spi_set_wordlen
                0x0000000000000000       0x30 drivers/spi/built-in.o
 .text.board_spi_cs_gpio
                0x0000000000000000        0x8 drivers/spi/built-in.o
 .text.get_cspi_div
                0x0000000000000000       0x24 drivers/spi/built-in.o
 .text.spi_init
                0x0000000000000000        0x4 drivers/spi/built-in.o
 .rodata.spi_set_wordlen.str1.1
                0x0000000000000000       0x19 drivers/spi/built-in.o
 .data          0x0000000000000000        0x0 drivers/spi/built-in.o
 .bss           0x0000000000000000        0x0 drivers/spi/built-in.o
 .text          0x0000000000000000        0x0 drivers/usb/eth/built-in.o
 .text.is_eth_dev_on_usb_host
                0x0000000000000000       0x6c drivers/usb/eth/built-in.o
 .data          0x0000000000000000        0x0 drivers/usb/eth/built-in.o
 .bss           0x0000000000000000        0x0 drivers/usb/eth/built-in.o
 .text          0x0000000000000000        0x0 drivers/usb/gadget/built-in.o
 .text.usb_gadget_config_buf
                0x0000000000000000       0x90 drivers/usb/gadget/built-in.o
 .text.usb_function_deactivate
                0x0000000000000000       0x58 drivers/usb/gadget/built-in.o
 .text.usb_function_activate
                0x0000000000000000       0x58 drivers/usb/gadget/built-in.o
 .text.usb_string_ids_tab
                0x0000000000000000       0x3c drivers/usb/gadget/built-in.o
 .text.usb_string_ids_n
                0x0000000000000000       0x2c drivers/usb/gadget/built-in.o
 .text.g_dnl_set_serialnumber
                0x0000000000000000       0x48 drivers/usb/gadget/built-in.o
 .text.board_usb_init
                0x0000000000000000        0x8 drivers/usb/gadget/built-in.o
 .text.board_usb_cleanup
                0x0000000000000000        0x8 drivers/usb/gadget/built-in.o
 .text.set_bit  0x0000000000000000       0x1c drivers/usb/gadget/built-in.o
 .text.clear_bit
                0x0000000000000000       0x1c drivers/usb/gadget/built-in.o
 .data          0x0000000000000000        0x0 drivers/usb/gadget/built-in.o
 .bss           0x0000000000000000        0x0 drivers/usb/gadget/built-in.o
 .text          0x0000000000000000        0x0 drivers/usb/host/built-in.o
 .text.ehci_set_controller_priv
                0x0000000000000000       0xa0 drivers/usb/host/built-in.o
 .text.ehci_get_controller_priv
                0x0000000000000000       0x14 drivers/usb/host/built-in.o
 .text.create_int_queue
                0x0000000000000000        0x4 drivers/usb/host/built-in.o
 .text.poll_int_queue
                0x0000000000000000        0x4 drivers/usb/host/built-in.o
 .text.destroy_int_queue
                0x0000000000000000        0x4 drivers/usb/host/built-in.o
 .text.board_ehci_hcd_init
                0x0000000000000000        0x8 drivers/usb/host/built-in.o
 .text.board_ehci_power
                0x0000000000000000        0x8 drivers/usb/host/built-in.o
 .data          0x0000000000000000        0x0 drivers/usb/host/built-in.o
 .bss           0x0000000000000000        0x0 drivers/usb/host/built-in.o
 .text          0x0000000000000000        0x0 fs/built-in.o
 .text.fs_uuid  0x0000000000000000       0x28 fs/built-in.o
 .text.do_fs_uuid
                0x0000000000000000       0x8c fs/built-in.o
 .text.print_revoke_blks
                0x0000000000000000       0x54 fs/built-in.o
 .text.fat_register_device
                0x0000000000000000       0x88 fs/built-in.o
 .text.file_fat_read
                0x0000000000000000       0x38 fs/built-in.o
 .text.file_getfsname
                0x0000000000000000       0x14 fs/built-in.o
 .text.file_cd  0x0000000000000000      0x1c8 fs/built-in.o
 .text.file_detectfs
                0x0000000000000000       0x40 fs/built-in.o
 .text.file_ls  0x0000000000000000       0x94 fs/built-in.o
 .text.file_read
                0x0000000000000000       0xa4 fs/built-in.o
 .rodata.print_revoke_blks.str1.1
                0x0000000000000000       0x25 fs/built-in.o
 .rodata.fat_register_device.str1.1
                0x0000000000000000       0x2b fs/built-in.o
 .rodata.file_detectfs.str1.1
                0x0000000000000000        0x2 fs/built-in.o
 .rodata.file_ls.str1.1
                0x0000000000000000       0x2e fs/built-in.o
 .rodata.file_read.str1.1
                0x0000000000000000       0x27 fs/built-in.o
 .rodata.filesystems
                0x0000000000000000       0x18 fs/built-in.o
 .data          0x0000000000000000        0x0 fs/built-in.o
 .data.current_filesystem
                0x0000000000000000        0x4 fs/built-in.o
 .data.file_cwd
                0x0000000000000000      0x200 fs/built-in.o
 .bss           0x0000000000000000        0x0 fs/built-in.o
 .bss.ext4fs_symlinknest
                0x0000000000000000        0x4 fs/built-in.o
 .text          0x0000000000000000        0x0 lib/built-in.o
 .text.inflateInit_
                0x0000000000000000       0x10 lib/built-in.o
 .text.fdt_first_subnode
                0x0000000000000000       0x34 lib/built-in.o
 .text.fdt_next_subnode
                0x0000000000000000       0x50 lib/built-in.o
 .text.fdt_get_phandle
                0x0000000000000000       0x70 lib/built-in.o
 .text.fdt_get_alias
                0x0000000000000000       0x28 lib/built-in.o
 .text.fdt_get_path
                0x0000000000000000      0x138 lib/built-in.o
 .text.fdt_parent_offset
                0x0000000000000000       0x30 lib/built-in.o
 .text.fdt_node_offset_by_prop_value
                0x0000000000000000       0x98 lib/built-in.o
 .text.fdt_node_offset_by_phandle
                0x0000000000000000       0x6c lib/built-in.o
 .text.fdt_stringlist_contains
                0x0000000000000000       0x7c lib/built-in.o
 .text.fdt_count_strings
                0x0000000000000000       0x58 lib/built-in.o
 .text.fdt_find_string
                0x0000000000000000       0x88 lib/built-in.o
 .text.fdt_get_string_index
                0x0000000000000000       0x64 lib/built-in.o
 .text.fdt_get_string
                0x0000000000000000       0x18 lib/built-in.o
 .text.fdt_node_check_compatible
                0x0000000000000000       0x40 lib/built-in.o
 .text.fdt_node_offset_by_compatible
                0x0000000000000000       0x74 lib/built-in.o
 .text.fdt_set_name
                0x0000000000000000       0x88 lib/built-in.o
 .text.fdt_appendprop
                0x0000000000000000       0xdc lib/built-in.o
 .text.fdt_pack
                0x0000000000000000       0x5c lib/built-in.o
 .text.fdt_remove_unused_strings
                0x0000000000000000       0xb0 lib/built-in.o
 .text._fdt_sw_check_header
                0x0000000000000000       0x1c lib/built-in.o
 .text._fdt_grab_space
                0x0000000000000000       0x60 lib/built-in.o
 .text.fdt_create
                0x0000000000000000       0x64 lib/built-in.o
 .text.fdt_resize
                0x0000000000000000       0xbc lib/built-in.o
 .text.fdt_add_reservemap_entry
                0x0000000000000000       0x8c lib/built-in.o
 .text.fdt_finish_reservemap
                0x0000000000000000       0x1c lib/built-in.o
 .text.fdt_begin_node
                0x0000000000000000       0x64 lib/built-in.o
 .text.fdt_end_node
                0x0000000000000000       0x38 lib/built-in.o
 .text.fdt_property
                0x0000000000000000      0x114 lib/built-in.o
 .text.fdt_finish
                0x0000000000000000      0x100 lib/built-in.o
 .text.fdt_setprop_inplace
                0x0000000000000000       0x44 lib/built-in.o
 .text.fdt_nop_property
                0x0000000000000000       0x40 lib/built-in.o
 .text.fdt_nop_node
                0x0000000000000000       0x50 lib/built-in.o
 .text.fdt_find_regions
                0x0000000000000000      0x384 lib/built-in.o
 .text.fdt_create_empty_tree
                0x0000000000000000       0x74 lib/built-in.o
 .text.fdt_add_region
                0x0000000000000000       0x94 lib/built-in.o
 .text.fdt_add_alias_regions
                0x0000000000000000      0x190 lib/built-in.o
 .text.fdt_next_region
                0x0000000000000000      0x534 lib/built-in.o
 .text.fdt_first_region
                0x0000000000000000       0x48 lib/built-in.o
 .text.crc7     0x0000000000000000       0x28 lib/built-in.o
 .text.crc8     0x0000000000000000       0x40 lib/built-in.o
 .text.lmb_dump_all
                0x0000000000000000        0x4 lib/built-in.o
 .text.lmb_is_reserved
                0x0000000000000000       0x58 lib/built-in.o
 .text.arch_lmb_reserve
                0x0000000000000000        0x4 lib/built-in.o
 .text.ldiv     0x0000000000000000       0x50 lib/built-in.o
 .text.rc4_encode
                0x0000000000000000       0xe8 lib/built-in.o
 .text.strmhz   0x0000000000000000       0x64 lib/built-in.o
 .text.merge    0x0000000000000000       0x68 lib/built-in.o
 .text.list_sort
                0x0000000000000000      0x194 lib/built-in.o
 .text.print_freq
                0x0000000000000000      0x1b0 lib/built-in.o
 .text.copy_from_user
                0x0000000000000000       0x10 lib/built-in.o
 .text.kmalloc  0x0000000000000000       0x38 lib/built-in.o
 .text.get_mem  0x0000000000000000       0x1c lib/built-in.o
 .text.kmem_cache_alloc
                0x0000000000000000        0xc lib/built-in.o
 .text.membuff_purge
                0x0000000000000000       0x10 lib/built-in.o
 .text.membuff_putraw
                0x0000000000000000       0xbc lib/built-in.o
 .text.membuff_putbyte
                0x0000000000000000       0x30 lib/built-in.o
 .text.membuff_getraw
                0x0000000000000000       0x98 lib/built-in.o
 .text.membuff_getbyte
                0x0000000000000000       0x34 lib/built-in.o
 .text.membuff_peekbyte
                0x0000000000000000       0x30 lib/built-in.o
 .text.membuff_get
                0x0000000000000000       0x80 lib/built-in.o
 .text.membuff_put
                0x0000000000000000       0x60 lib/built-in.o
 .text.membuff_isempty
                0x0000000000000000       0x18 lib/built-in.o
 .text.membuff_avail
                0x0000000000000000       0x54 lib/built-in.o
 .text.membuff_size
                0x0000000000000000        0xc lib/built-in.o
 .text.membuff_makecontig
                0x0000000000000000       0x80 lib/built-in.o
 .text.membuff_free
                0x0000000000000000       0x30 lib/built-in.o
 .text.membuff_readline
                0x0000000000000000       0xb0 lib/built-in.o
 .text.membuff_extend_by
                0x0000000000000000       0xc4 lib/built-in.o
 .text.membuff_init
                0x0000000000000000       0x18 lib/built-in.o
 .text.membuff_new
                0x0000000000000000       0x38 lib/built-in.o
 .text.membuff_uninit
                0x0000000000000000       0x18 lib/built-in.o
 .text.membuff_dispose
                0x0000000000000000       0x24 lib/built-in.o
 .text.strncasecmp
                0x0000000000000000       0x80 lib/built-in.o
 .text.strcasecmp
                0x0000000000000000        0x8 lib/built-in.o
 .text.strswab  0x0000000000000000       0x48 lib/built-in.o
 .text.bcopy    0x0000000000000000       0x28 lib/built-in.o
 .text.memscan  0x0000000000000000       0x2c lib/built-in.o
 .text.memchr_inv
                0x0000000000000000      0x130 lib/built-in.o
 .text.timer_init
                0x0000000000000000        0x8 lib/built-in.o
 .text.timer_get_us
                0x0000000000000000       0x24 lib/built-in.o
 .text.vsnprintf
                0x0000000000000000        0x4 lib/built-in.o
 .text.scnprintf
                0x0000000000000000       0x28 lib/built-in.o
 .text.__assert_fail
                0x0000000000000000       0x14 lib/built-in.o
 .text.print_grouped_ull
                0x0000000000000000       0x8c lib/built-in.o
 .text.str2long
                0x0000000000000000       0x3c lib/built-in.o
 .text.panic_str
                0x0000000000000000        0xc lib/built-in.o
 .rodata.z_errmsg
                0x0000000000000000       0x28 lib/built-in.o
 .rodata.fdt_get_phandle.str1.1
                0x0000000000000000       0x16 lib/built-in.o
 .rodata.fdt_node_check_compatible.str1.1
                0x0000000000000000        0xb lib/built-in.o
 .rodata.fdt_create_empty_tree.str1.1
                0x0000000000000000        0x1 lib/built-in.o
 .rodata.fdt_add_alias_regions.str1.1
                0x0000000000000000        0x8 lib/built-in.o
 .rodata.crc7_syndrome_table
                0x0000000000000000      0x100 lib/built-in.o
 .rodata.strmhz.str1.1
                0x0000000000000000        0xb lib/built-in.o
 .rodata.list_sort.str1.1
                0x0000000000000000       0x34 lib/built-in.o
 .rodata.names.7295
                0x0000000000000000        0x3 lib/built-in.o
 .rodata.__assert_fail.str1.1
                0x0000000000000000       0x22 lib/built-in.o
 .rodata.print_grouped_ull.str1.1
                0x0000000000000000        0xb lib/built-in.o
 .data          0x0000000000000000        0x0 lib/built-in.o
 .data.cur      0x0000000000000000        0x4 lib/built-in.o
 .data.current  0x0000000000000000        0x4 lib/built-in.o
 .bss           0x0000000000000000        0x0 lib/built-in.o
 .text          0x0000000000000000        0x0 net/built-in.o
 .text.add_ip_checksums
                0x0000000000000000       0x3c net/built-in.o
 .text.eth_is_active
                0x0000000000000000       0x18 net/built-in.o
 .text.net_get_udp_handler
                0x0000000000000000       0x10 net/built-in.o
 .text.net_set_arp_handler
                0x0000000000000000       0x20 net/built-in.o
 .text.random_port
                0x0000000000000000       0x18 net/built-in.o
 .text.vlan_to_string
                0x0000000000000000       0x44 net/built-in.o
 .text.getenv_vlan
                0x0000000000000000       0x10 net/built-in.o
 .rodata.vlan_to_string.str1.1
                0x0000000000000000        0x8 net/built-in.o
 .data          0x0000000000000000        0x0 net/built-in.o
 .data.tftp_timeout_ms
                0x0000000000000000        0x4 net/built-in.o
 .bss           0x0000000000000000        0x0 net/built-in.o
 .bss.net_busy_flag
                0x0000000000000000        0x4 net/built-in.o
 .text          0x0000000000000000        0x0 test/dm/built-in.o
 .data          0x0000000000000000        0x0 test/dm/built-in.o
 .bss           0x0000000000000000        0x0 test/dm/built-in.o
 .text          0x0000000000000000        0x0 arch/arm/lib/eabi_compat.o
 .data          0x0000000000000000        0x0 arch/arm/lib/eabi_compat.o
 .bss           0x0000000000000000        0x0 arch/arm/lib/eabi_compat.o
 .text.__aeabi_unwind_cpp_pr0
                0x0000000000000000        0x4 arch/arm/lib/eabi_compat.o
 .text.__aeabi_unwind_cpp_pr1
                0x0000000000000000        0x4 arch/arm/lib/eabi_compat.o
 .text.__aeabi_memcpy
                0x0000000000000000        0x4 arch/arm/lib/eabi_compat.o
 .text.__aeabi_memset
                0x0000000000000000       0x10 arch/arm/lib/eabi_compat.o
 .data          0x0000000000000000        0x0 /opt/gcc-linaro-6.4.1-2018.05-x86_64_arm-linux-gnueabi/bin/../lib/gcc/arm-linux-gnueabi/6.4.1/libgcc.a(_udivsi3.o)
 .bss           0x0000000000000000        0x0 /opt/gcc-linaro-6.4.1-2018.05-x86_64_arm-linux-gnueabi/bin/../lib/gcc/arm-linux-gnueabi/6.4.1/libgcc.a(_udivsi3.o)
 .data          0x0000000000000000        0x0 /opt/gcc-linaro-6.4.1-2018.05-x86_64_arm-linux-gnueabi/bin/../lib/gcc/arm-linux-gnueabi/6.4.1/libgcc.a(_divsi3.o)
 .bss           0x0000000000000000        0x0 /opt/gcc-linaro-6.4.1-2018.05-x86_64_arm-linux-gnueabi/bin/../lib/gcc/arm-linux-gnueabi/6.4.1/libgcc.a(_divsi3.o)
 .data          0x0000000000000000        0x0 /opt/gcc-linaro-6.4.1-2018.05-x86_64_arm-linux-gnueabi/bin/../lib/gcc/arm-linux-gnueabi/6.4.1/libgcc.a(_lshrdi3.o)
 .bss           0x0000000000000000        0x0 /opt/gcc-linaro-6.4.1-2018.05-x86_64_arm-linux-gnueabi/bin/../lib/gcc/arm-linux-gnueabi/6.4.1/libgcc.a(_lshrdi3.o)
 .data          0x0000000000000000        0x0 /opt/gcc-linaro-6.4.1-2018.05-x86_64_arm-linux-gnueabi/bin/../lib/gcc/arm-linux-gnueabi/6.4.1/libgcc.a(_ashldi3.o)
 .bss           0x0000000000000000        0x0 /opt/gcc-linaro-6.4.1-2018.05-x86_64_arm-linux-gnueabi/bin/../lib/gcc/arm-linux-gnueabi/6.4.1/libgcc.a(_ashldi3.o)
 .data          0x0000000000000000        0x0 /opt/gcc-linaro-6.4.1-2018.05-x86_64_arm-linux-gnueabi/bin/../lib/gcc/arm-linux-gnueabi/6.4.1/libgcc.a(_dvmd_lnx.o)
 .bss           0x0000000000000000        0x0 /opt/gcc-linaro-6.4.1-2018.05-x86_64_arm-linux-gnueabi/bin/../lib/gcc/arm-linux-gnueabi/6.4.1/libgcc.a(_dvmd_lnx.o)

内存配置

名称           来源             长度             属性
*default*        0x0000000000000000 0xffffffffffffffff

Linker script and memory map

段 .text 的地址设置为 0x17800000
                0x0000000000000000                . = 0x0
                0x0000000000000000                . = ALIGN (0x4)

.text           0x0000000017800000    0x47dfc
 *(.__image_copy_start)
 .__image_copy_start
                0x0000000017800000        0x0 arch/arm/lib/built-in.o
                0x0000000017800000                __image_copy_start
 *(.vectors)
 .vectors       0x0000000017800000      0x2e8 arch/arm/lib/built-in.o
                0x0000000017800000                _start
                0x0000000017800020                _undefined_instruction
                0x0000000017800024                _software_interrupt
                0x0000000017800028                _prefetch_abort
                0x000000001780002c                _data_abort
                0x0000000017800030                _not_used
                0x0000000017800034                _irq
                0x0000000017800038                _fiq
                0x0000000017800040                IRQ_STACK_START_IN
 arch/arm/cpu/armv7/start.o(.text*)
 .text          0x00000000178002e8       0xec arch/arm/cpu/armv7/start.o
                0x00000000178002e8                reset
                0x00000000178002ec                save_boot_params_ret
                0x0000000017800328                c_runtime_cpu_setup
                0x0000000017800338                save_boot_params
                0x000000001780033c                cpu_init_cp15
                0x00000000178003cc                cpu_init_crit
 *(.text*)
 .text          0x00000000178003d4       0x24 arch/arm/cpu/armv7/built-in.o
                0x00000000178003d4                lowlevel_init
 .text.v7_maint_dcache_all
                0x00000000178003f8      0x138 arch/arm/cpu/armv7/built-in.o
 .text.invalidate_icache_all
                0x0000000017800530       0x18 arch/arm/cpu/armv7/built-in.o
                0x0000000017800530                invalidate_icache_all
 .text.flush_dcache_all
                0x0000000017800548       0x14 arch/arm/cpu/armv7/built-in.o
                0x0000000017800548                flush_dcache_all
 .text.invalidate_dcache_all
                0x000000001780055c       0x14 arch/arm/cpu/armv7/built-in.o
                0x000000001780055c                invalidate_dcache_all
 .text.arm_init_before_mmu
                0x0000000017800570       0x28 arch/arm/cpu/armv7/built-in.o
                0x0000000017800570                arm_init_before_mmu
 .text.flush_dcache_range
                0x0000000017800598       0x38 arch/arm/cpu/armv7/built-in.o
                0x0000000017800598                flush_dcache_range
 .text.mmu_page_table_flush
                0x00000000178005d0       0x24 arch/arm/cpu/armv7/built-in.o
                0x00000000178005d0                mmu_page_table_flush
 .text.invalidate_dcache_range
                0x00000000178005f4       0xa8 arch/arm/cpu/armv7/built-in.o
                0x00000000178005f4                invalidate_dcache_range
 .text.cpu_cache_initialization
                0x000000001780069c        0x4 arch/arm/cpu/armv7/built-in.o
                0x000000001780069c                cpu_cache_initialization
 .text.cleanup_before_linux_select
                0x00000000178006a0       0x4c arch/arm/cpu/armv7/built-in.o
                0x00000000178006a0                cleanup_before_linux_select
 .text.cleanup_before_linux
                0x00000000178006ec        0x8 arch/arm/cpu/armv7/built-in.o
                0x00000000178006ec                cleanup_before_linux
 .text.get_nr_cpus
                0x00000000178006f4       0x10 arch/arm/cpu/armv7/built-in.o
                0x00000000178006f4                get_nr_cpus
 .text.get_cpu_rev
                0x0000000017800704       0x90 arch/arm/cpu/armv7/built-in.o
                0x0000000017800704                get_cpu_rev
 .text.get_cpu_speed_grade_hz
                0x0000000017800794      0x124 arch/arm/cpu/armv7/built-in.o
                0x0000000017800794                get_cpu_speed_grade_hz
 .text.get_cpu_temp_grade
                0x00000000178008b8       0x68 arch/arm/cpu/armv7/built-in.o
                0x00000000178008b8                get_cpu_temp_grade
 .text.get_board_rev
                0x0000000017800920       0x40 arch/arm/cpu/armv7/built-in.o
                0x0000000017800920                get_board_rev
 .text.arch_cpu_init
                0x0000000017800960      0x364 arch/arm/cpu/armv7/built-in.o
                0x0000000017800960                arch_cpu_init
 .text.mmc_get_env_dev
                0x0000000017800cc4       0x28 arch/arm/cpu/armv7/built-in.o
                0x0000000017800cc4                mmc_get_env_dev
 .text.board_mmc_get_env_part
                0x0000000017800cec        0x8 arch/arm/cpu/armv7/built-in.o
                0x0000000017800cec                board_mmc_get_env_part
 .text.mmc_get_env_part
                0x0000000017800cf4       0x28 arch/arm/cpu/armv7/built-in.o
                0x0000000017800cf4                mmc_get_env_part
 .text.board_postclk_init
                0x0000000017800d1c       0x70 arch/arm/cpu/armv7/built-in.o
                0x0000000017800d1c                board_postclk_init
 .text.imx_get_mac_from_fuse
                0x0000000017800d8c       0xb8 arch/arm/cpu/armv7/built-in.o
                0x0000000017800d8c                imx_get_mac_from_fuse
 .text.reset_misc
                0x0000000017800e44        0x4 arch/arm/cpu/armv7/built-in.o
                0x0000000017800e44                reset_misc
 .text.s_init   0x0000000017800e48       0xac arch/arm/cpu/armv7/built-in.o
                0x0000000017800e48                s_init
 .text.imx_enable_hdmi_phy
                0x0000000017800ef4       0x4c arch/arm/cpu/armv7/built-in.o
                0x0000000017800ef4                imx_enable_hdmi_phy
 .text.imx_setup_hdmi
                0x0000000017800f40       0x78 arch/arm/cpu/armv7/built-in.o
                0x0000000017800f40                imx_setup_hdmi
 .text.get_ipg_clk
                0x0000000017800fb8       0x28 arch/arm/cpu/armv7/built-in.o
 .text.get_uart_clk
                0x0000000017800fe0       0xd8 arch/arm/cpu/armv7/built-in.o
 .text.mxc_get_pll_pfd
                0x00000000178010b8       0xdc arch/arm/cpu/armv7/built-in.o
 .text.get_usdhc_clk
                0x0000000017801194       0xe8 arch/arm/cpu/armv7/built-in.o
 .text.enable_ocotp_clk
                0x000000001780127c       0x24 arch/arm/cpu/armv7/built-in.o
                0x000000001780127c                enable_ocotp_clk
 .text.enable_usboh3_clk
                0x00000000178012a0       0x24 arch/arm/cpu/armv7/built-in.o
                0x00000000178012a0                enable_usboh3_clk
 .text.enable_i2c_clk
                0x00000000178012c4       0xd8 arch/arm/cpu/armv7/built-in.o
                0x00000000178012c4                enable_i2c_clk
 .text.get_periph_clk
                0x000000001780139c       0xc8 arch/arm/cpu/armv7/built-in.o
                0x000000001780139c                get_periph_clk
 .text.get_axi_clk
                0x0000000017801464       0x4c arch/arm/cpu/armv7/built-in.o
 .text.enable_fec_anatop_clock
                0x00000000178014b0       0xe8 arch/arm/cpu/armv7/built-in.o
                0x00000000178014b0                enable_fec_anatop_clock
 .text.imx_get_uartclk
                0x0000000017801598        0x4 arch/arm/cpu/armv7/built-in.o
                0x0000000017801598                imx_get_uartclk
 .text.enable_thermal_clk
                0x000000001780159c       0x44 arch/arm/cpu/armv7/built-in.o
                0x000000001780159c                enable_thermal_clk
 .text.mxc_get_clock
                0x00000000178015e0      0x4bc arch/arm/cpu/armv7/built-in.o
                0x00000000178015e0                mxc_get_clock
 .text.imx_get_fecclk
                0x0000000017801a9c        0x8 arch/arm/cpu/armv7/built-in.o
                0x0000000017801a9c                imx_get_fecclk
 .text.do_mx6_showclocks
                0x0000000017801aa4      0x24c arch/arm/cpu/armv7/built-in.o
                0x0000000017801aa4                do_mx6_showclocks
 .text.enable_ipu_clock
                0x0000000017801cf0       0x90 arch/arm/cpu/armv7/built-in.o
                0x0000000017801cf0                enable_ipu_clock
 .text.cpu_reset
                0x0000000017801d80       0x28 arch/arm/cpu/armv7/built-in.o
                0x0000000017801d80                cpu_reset
 .text.cpu_status
                0x0000000017801da8       0x40 arch/arm/cpu/armv7/built-in.o
                0x0000000017801da8                cpu_status
 .text.cpu_release
                0x0000000017801de8       0x80 arch/arm/cpu/armv7/built-in.o
                0x0000000017801de8                cpu_release
 .text.is_core_valid
                0x0000000017801e68       0x1c arch/arm/cpu/armv7/built-in.o
                0x0000000017801e68                is_core_valid
 .text.cpu_disable
                0x0000000017801e84       0x28 arch/arm/cpu/armv7/built-in.o
                0x0000000017801e84                cpu_disable
 .text.imx_iomux_v3_setup_pad
                0x0000000017801eac       0xb4 arch/arm/imx-common/built-in.o
                0x0000000017801eac                imx_iomux_v3_setup_pad
 .text.imx_iomux_v3_setup_multiple_pads
                0x0000000017801f60       0x2c arch/arm/imx-common/built-in.o
                0x0000000017801f60                imx_iomux_v3_setup_multiple_pads
 .text.imx_iomux_set_gpr_register
                0x0000000017801f8c       0x40 arch/arm/imx-common/built-in.o
                0x0000000017801f8c                imx_iomux_set_gpr_register
 .text.imx_ddr_size
                0x0000000017801fcc       0x64 arch/arm/imx-common/built-in.o
                0x0000000017801fcc                imx_ddr_size
 .text.get_imx_type
                0x0000000017802030       0x20 arch/arm/imx-common/built-in.o
                0x0000000017802030                get_imx_type
 .text.print_cpuinfo
                0x0000000017802050      0x228 arch/arm/imx-common/built-in.o
                0x0000000017802050                print_cpuinfo
 .text.cpu_eth_init
                0x0000000017802278        0x4 arch/arm/imx-common/built-in.o
                0x0000000017802278                cpu_eth_init
 .text.cpu_mmc_init
                0x000000001780227c        0x4 arch/arm/imx-common/built-in.o
                0x000000001780227c                cpu_mmc_init
 .text.get_ahb_clk
                0x0000000017802280       0x24 arch/arm/imx-common/built-in.o
                0x0000000017802280                get_ahb_clk
 .text.arch_preboot_os
                0x00000000178022a4        0x4 arch/arm/imx-common/built-in.o
                0x00000000178022a4                arch_preboot_os
 .text.get_clocks
                0x00000000178022a8       0x1c arch/arm/imx-common/built-in.o
                0x00000000178022a8                get_clocks
 .text.force_idle_bus
                0x00000000178022c4      0x1c4 arch/arm/imx-common/built-in.o
                0x00000000178022c4                force_idle_bus
 .text.setup_i2c
                0x0000000017802488       0xdc arch/arm/imx-common/built-in.o
                0x0000000017802488                setup_i2c
 .text.enable_caches
                0x0000000017802564       0x34 arch/arm/imx-common/built-in.o
                0x0000000017802564                enable_caches
 .text.v7_outer_cache_enable
                0x0000000017802598       0x74 arch/arm/imx-common/built-in.o
                0x0000000017802598                v7_outer_cache_enable
 .text.v7_outer_cache_disable
                0x000000001780260c       0x18 arch/arm/imx-common/built-in.o
                0x000000001780260c                v7_outer_cache_disable
 .text.init_aips
                0x0000000017802624       0xc0 arch/arm/imx-common/built-in.o
                0x0000000017802624                init_aips
 .text.imx_set_wdog_powerdown
                0x00000000178026e4       0xa0 arch/arm/imx-common/built-in.o
                0x00000000178026e4                imx_set_wdog_powerdown
 .text.init_src
                0x0000000017802784       0x18 arch/arm/imx-common/built-in.o
                0x0000000017802784                init_src
 .text.boot_mode_apply
                0x000000001780279c       0x24 arch/arm/imx-common/built-in.o
                0x000000001780279c                boot_mode_apply
 .text.board_video_skip
                0x00000000178027c0      0x178 arch/arm/imx-common/built-in.o
                0x00000000178027c0                board_video_skip
 .text.timer_init
                0x0000000017802938      0x194 arch/arm/imx-common/built-in.o
                0x0000000017802938                timer_init
 .text.timer_read_counter
                0x0000000017802acc       0x10 arch/arm/imx-common/built-in.o
                0x0000000017802acc                timer_read_counter
 .text.get_tbclk
                0x0000000017802adc       0xd0 arch/arm/imx-common/built-in.o
                0x0000000017802adc                get_tbclk
 .text.create_usage
                0x0000000017802bac       0xa0 arch/arm/imx-common/built-in.o
 .text.do_boot_mode
                0x0000000017802c4c       0xd4 arch/arm/imx-common/built-in.o
 .text.add_board_boot_modes
                0x0000000017802d20       0x60 arch/arm/imx-common/built-in.o
                0x0000000017802d20                add_board_boot_modes
 .text          0x0000000017802d80       0x90 arch/arm/lib/built-in.o
                0x0000000017802d80                _main
 .text.relocate_vectors
                0x0000000017802e10       0x70 arch/arm/lib/built-in.o
                0x0000000017802e10                relocate_vectors
                0x0000000017802e1c                relocate_code
 .text.arch_fixup_fdt
                0x0000000017802e80       0x38 arch/arm/lib/built-in.o
                0x0000000017802e80                arch_fixup_fdt
 .text.boot_jump_linux
                0x0000000017802eb8       0xc4 arch/arm/lib/built-in.o
 .text.arch_lmb_reserve
                0x0000000017802f7c       0x24 arch/arm/lib/built-in.o
                0x0000000017802f7c                arch_lmb_reserve
 .text.setup_board_tags
                0x0000000017802fa0        0x4 arch/arm/lib/built-in.o
                0x0000000017802fa0                setup_board_tags
 .text.boot_prep_linux
                0x0000000017802fa4      0x1bc arch/arm/lib/built-in.o
 .text.do_bootm_linux
                0x0000000017803160       0x58 arch/arm/lib/built-in.o
                0x0000000017803160                do_bootm_linux
 .text.bootz_setup
                0x00000000178031b8       0x58 arch/arm/lib/built-in.o
                0x00000000178031b8                bootz_setup
 .text.boot_prep_vxworks
                0x0000000017803210       0x50 arch/arm/lib/built-in.o
                0x0000000017803210                boot_prep_vxworks
 .text.boot_jump_vxworks
                0x0000000017803260        0xc arch/arm/lib/built-in.o
                0x0000000017803260                boot_jump_vxworks
 .text.pl310_background_op_all_ways
                0x000000001780326c       0x38 arch/arm/lib/built-in.o
 .text.v7_outer_cache_inval_all
                0x00000000178032a4        0xc arch/arm/lib/built-in.o
                0x00000000178032a4                v7_outer_cache_inval_all
 .text.v7_outer_cache_flush_all
                0x00000000178032b0        0xc arch/arm/lib/built-in.o
                0x00000000178032b0                v7_outer_cache_flush_all
 .text.v7_outer_cache_flush_range
                0x00000000178032bc       0x2c arch/arm/lib/built-in.o
                0x00000000178032bc                v7_outer_cache_flush_range
 .text.v7_outer_cache_inval_range
                0x00000000178032e8       0x7c arch/arm/lib/built-in.o
                0x00000000178032e8                v7_outer_cache_inval_range
 .text.arch_reserve_stacks
                0x0000000017803364       0x1c arch/arm/lib/built-in.o
                0x0000000017803364                arch_reserve_stacks
 .text.interrupt_init
                0x0000000017803380       0x1c arch/arm/lib/built-in.o
                0x0000000017803380                interrupt_init
 .text.enable_interrupts
                0x000000001780339c        0x4 arch/arm/lib/built-in.o
                0x000000001780339c                enable_interrupts
 .text.disable_interrupts
                0x00000000178033a0        0x8 arch/arm/lib/built-in.o
                0x00000000178033a0                disable_interrupts
 .text.bad_mode
                0x00000000178033a8       0x10 arch/arm/lib/built-in.o
                0x00000000178033a8                bad_mode
 .text.show_regs
                0x00000000178033b8      0x174 arch/arm/lib/built-in.o
                0x00000000178033b8                show_regs
 .text.do_undefined_instruction
                0x000000001780352c       0x20 arch/arm/lib/built-in.o
                0x000000001780352c                do_undefined_instruction
 .text.do_software_interrupt
                0x000000001780354c       0x20 arch/arm/lib/built-in.o
                0x000000001780354c                do_software_interrupt
 .text.do_prefetch_abort
                0x000000001780356c       0x20 arch/arm/lib/built-in.o
                0x000000001780356c                do_prefetch_abort
 .text.do_data_abort
                0x000000001780358c       0x20 arch/arm/lib/built-in.o
                0x000000001780358c                do_data_abort
 .text.do_not_used
                0x00000000178035ac       0x20 arch/arm/lib/built-in.o
                0x00000000178035ac                do_not_used
 .text.do_fiq   0x00000000178035cc       0x20 arch/arm/lib/built-in.o
                0x00000000178035cc                do_fiq
 .text.do_irq   0x00000000178035ec       0x20 arch/arm/lib/built-in.o
                0x00000000178035ec                do_irq
 .text.do_reset
                0x000000001780360c       0x30 arch/arm/lib/built-in.o
                0x000000001780360c                do_reset
 .text.flush_cache
                0x000000001780363c        0x8 arch/arm/lib/built-in.o
                0x000000001780363c                flush_cache
 .text.cp_delay
                0x0000000017803644       0x30 arch/arm/lib/built-in.o
 .text.arm_init_domains
                0x0000000017803674        0x4 arch/arm/lib/built-in.o
                0x0000000017803674                arm_init_domains
 .text.set_section_dcache
                0x0000000017803678       0x14 arch/arm/lib/built-in.o
                0x0000000017803678                set_section_dcache
 .text.mmu_set_region_dcache_behaviour
                0x000000001780368c       0x4c arch/arm/lib/built-in.o
                0x000000001780368c                mmu_set_region_dcache_behaviour
 .text.dram_bank_mmu_setup
                0x00000000178036d8       0x44 arch/arm/lib/built-in.o
                0x00000000178036d8                dram_bank_mmu_setup
 .text.icache_enable
                0x000000001780371c       0x18 arch/arm/lib/built-in.o
                0x000000001780371c                icache_enable
 .text.icache_disable
                0x0000000017803734       0x20 arch/arm/lib/built-in.o
                0x0000000017803734                icache_disable
 .text.icache_status
                0x0000000017803754        0xc arch/arm/lib/built-in.o
                0x0000000017803754                icache_status
 .text.dcache_enable
                0x0000000017803760       0x78 arch/arm/lib/built-in.o
                0x0000000017803760                dcache_enable
 .text.dcache_disable
                0x00000000178037d8       0x2c arch/arm/lib/built-in.o
                0x00000000178037d8                dcache_disable
 .text.dcache_status
                0x0000000017803804        0xc arch/arm/lib/built-in.o
                0x0000000017803804                dcache_status
 .text.board_late_mmc_env_init
                0x0000000017803810       0x9c board/freescale/common/built-in.o
                0x0000000017803810                board_late_mmc_env_init
 .text.enable_lvds
                0x00000000178038ac       0x14 board/freescale/mx6q_tqcorec/built-in.o
 .text.enable_rgb
                0x00000000178038c0       0x24 board/freescale/mx6q_tqcorec/built-in.o
 .text.do_enable_hdmi
                0x00000000178038e4       0x18 board/freescale/mx6q_tqcorec/built-in.o
 .text.dram_init
                0x00000000178038fc       0x18 board/freescale/mx6q_tqcorec/built-in.o
                0x00000000178038fc                dram_init
 .text.board_spi_cs_gpio
                0x0000000017803914       0x10 board/freescale/mx6q_tqcorec/built-in.o
                0x0000000017803914                board_spi_cs_gpio
 .text.board_mmc_get_env_dev
                0x0000000017803924        0x8 board/freescale/mx6q_tqcorec/built-in.o
                0x0000000017803924                board_mmc_get_env_dev
 .text.mmc_map_to_kernel_blk
                0x000000001780392c        0x8 board/freescale/mx6q_tqcorec/built-in.o
                0x000000001780392c                mmc_map_to_kernel_blk
 .text.board_mmc_getcd
                0x0000000017803934       0x44 board/freescale/mx6q_tqcorec/built-in.o
                0x0000000017803934                board_mmc_getcd
 .text.board_mmc_init
                0x0000000017803978       0xb4 board/freescale/mx6q_tqcorec/built-in.o
                0x0000000017803978                board_mmc_init
 .text.mx6_rgmii_rework
                0x0000000017803a2c      0x110 board/freescale/mx6q_tqcorec/built-in.o
                0x0000000017803a2c                mx6_rgmii_rework
 .text.board_phy_config
                0x0000000017803b3c       0x2c board/freescale/mx6q_tqcorec/built-in.o
                0x0000000017803b3c                board_phy_config
 .text.overwrite_console
                0x0000000017803b68        0x8 board/freescale/mx6q_tqcorec/built-in.o
                0x0000000017803b68                overwrite_console
 .text.board_eth_init
                0x0000000017803b70       0x5c board/freescale/mx6q_tqcorec/built-in.o
                0x0000000017803b70                board_eth_init
 .text.board_ehci_hcd_init
                0x0000000017803bcc       0x28 board/freescale/mx6q_tqcorec/built-in.o
                0x0000000017803bcc                board_ehci_hcd_init
 .text.board_ehci_power
                0x0000000017803bf4       0x48 board/freescale/mx6q_tqcorec/built-in.o
                0x0000000017803bf4                board_ehci_power
 .text.board_early_init_f
                0x0000000017803c3c       0x8c board/freescale/mx6q_tqcorec/built-in.o
                0x0000000017803c3c                board_early_init_f
 .text.board_init
                0x0000000017803cc8       0xd4 board/freescale/mx6q_tqcorec/built-in.o
                0x0000000017803cc8                board_init
 .text.board_late_init
                0x0000000017803d9c       0xc0 board/freescale/mx6q_tqcorec/built-in.o
                0x0000000017803d9c                board_late_init
 .text.checkboard
                0x0000000017803e5c       0x18 board/freescale/mx6q_tqcorec/built-in.o
                0x0000000017803e5c                checkboard
 .text.do_go_exec
                0x0000000017803e74       0x10 cmd/built-in.o
                0x0000000017803e74                do_go_exec
 .text.do_go    0x0000000017803e84       0x6c cmd/built-in.o
 .text.do_bootm
                0x0000000017803ef0      0x108 cmd/built-in.o
                0x0000000017803ef0                do_bootm
 .text.do_bootd
                0x0000000017803ff8       0x20 cmd/built-in.o
                0x0000000017803ff8                do_bootd
 .text.image_info
                0x0000000017804018       0xcc cmd/built-in.o
 .text.do_iminfo
                0x00000000178040e4       0x5c cmd/built-in.o
 .text.bootm_maybe_autostart
                0x0000000017804140       0x78 cmd/built-in.o
                0x0000000017804140                bootm_maybe_autostart
 .text.do_bootz
                0x00000000178041b8       0xfc cmd/built-in.o
                0x00000000178041b8                do_bootz
 .text.do_help  0x00000000178042b4       0x44 cmd/built-in.o
 .text.do_version
                0x00000000178042f8       0x38 cmd/built-in.o
 .text.source   0x0000000017804330       0xd4 cmd/built-in.o
                0x0000000017804330                source
 .text.do_source
                0x0000000017804404       0x44 cmd/built-in.o
 .text.print_num
                0x0000000017804448       0x14 cmd/built-in.o
 .text.do_bdinfo
                0x000000001780445c      0x198 cmd/built-in.o
 .text.parse_argv
                0x00000000178045f4       0x64 cmd/built-in.o
 .text.do_icache
                0x0000000017804658       0x88 cmd/built-in.o
 .text.do_dcache
                0x00000000178046e0       0x88 cmd/built-in.o
 .text.do_coninfo
                0x0000000017804768       0xb0 cmd/built-in.o
 .text.do_echo  0x0000000017804818       0xb4 cmd/built-in.o
 .text.load_elf_image_shdr
                0x00000000178048cc       0x8c cmd/built-in.o
 .text.valid_elf_image
                0x0000000017804958       0x4c cmd/built-in.o
                0x0000000017804958                valid_elf_image
 .text.do_bootelf
                0x00000000178049a4      0x1ac cmd/built-in.o
                0x00000000178049a4                do_bootelf
 .text.do_bootvx
                0x0000000017804b50      0x330 cmd/built-in.o
                0x0000000017804b50                do_bootvx
 .text.do_exit  0x0000000017804e80       0x48 cmd/built-in.o
 .text.do_ext4_size
                0x0000000017804ec8       0x18 cmd/built-in.o
                0x0000000017804ec8                do_ext4_size
 .text.do_ext4_load
                0x0000000017804ee0       0x18 cmd/built-in.o
                0x0000000017804ee0                do_ext4_load
 .text.do_ext4_ls
                0x0000000017804ef8       0x18 cmd/built-in.o
                0x0000000017804ef8                do_ext4_ls
 .text.do_ext4_write
                0x0000000017804f10       0x18 cmd/built-in.o
                0x0000000017804f10                do_ext4_write
 .text.do_ext2load
                0x0000000017804f28       0x18 cmd/built-in.o
                0x0000000017804f28                do_ext2load
 .text.do_ext2ls
                0x0000000017804f40       0x18 cmd/built-in.o
 .text.do_fat_size
                0x0000000017804f58       0x18 cmd/built-in.o
                0x0000000017804f58                do_fat_size
 .text.do_fat_fsload
                0x0000000017804f70       0x18 cmd/built-in.o
                0x0000000017804f70                do_fat_fsload
 .text.do_fat_ls
                0x0000000017804f88       0x18 cmd/built-in.o
 .text.do_fat_fsinfo
                0x0000000017804fa0       0x8c cmd/built-in.o
 .text.fdt_valid
                0x000000001780502c       0xbc cmd/built-in.o
 .text.is_printable_string
                0x00000000178050e8       0x88 cmd/built-in.o
 .text.print_data
                0x0000000017805170      0x170 cmd/built-in.o
 .text.set_working_fdt_addr
                0x00000000178052e0       0x1c cmd/built-in.o
                0x00000000178052e0                set_working_fdt_addr
 .text.do_fdt   0x00000000178052fc      0xe24 cmd/built-in.o
 .text.do_flerase
                0x0000000017806120        0x8 cmd/built-in.o
 .text.do_protect
                0x0000000017806128       0x10 cmd/built-in.o
 .text.do_flinfo
                0x0000000017806138        0x8 cmd/built-in.o
 .text.do_size_wrapper
                0x0000000017806140       0x18 cmd/built-in.o
 .text.do_load_wrapper
                0x0000000017806158       0x18 cmd/built-in.o
 .text.do_save_wrapper
                0x0000000017806170       0x18 cmd/built-in.o
 .text.do_ls_wrapper
                0x0000000017806188       0x18 cmd/built-in.o
 .text.do_fstype_wrapper
                0x00000000178061a0        0x4 cmd/built-in.o
 .text.strtou32
                0x00000000178061a4       0x44 cmd/built-in.o
 .text.do_fuse  0x00000000178061e8      0x364 cmd/built-in.o
 .text.name_to_gpio
                0x000000001780654c        0xc cmd/built-in.o
                0x000000001780654c                name_to_gpio
 .text.do_gpio  0x0000000017806558      0x148 cmd/built-in.o
 .text.do_i2c   0x00000000178066a0       0x68 cmd/built-in.o
 .text.do_i2c_bus_speed
                0x0000000017806708       0x78 cmd/built-in.o
 .text.do_i2c_reset
                0x0000000017806780       0x2c cmd/built-in.o
 .text.do_i2c_probe
                0x00000000178067ac       0xa0 cmd/built-in.o
 .text.do_i2c_bus_num
                0x000000001780684c       0xb8 cmd/built-in.o
 .text.do_i2c_show_bus
                0x0000000017806904       0xdc cmd/built-in.o
 .text.get_alen.constprop.5
                0x00000000178069e0       0x3c cmd/built-in.o
 .text.do_i2c_crc
                0x0000000017806a1c      0x120 cmd/built-in.o
 .text.mod_i2c_mem.isra.3
                0x0000000017806b3c      0x1ec cmd/built-in.o
 .text.do_i2c_nm
                0x0000000017806d28        0x8 cmd/built-in.o
 .text.do_i2c_mm
                0x0000000017806d30        0x8 cmd/built-in.o
 .text.do_i2c_md
                0x0000000017806d38      0x1e8 cmd/built-in.o
 .text.do_i2c_read
                0x0000000017806f20       0xbc cmd/built-in.o
 .text.do_i2c_mw
                0x0000000017806fdc       0xf8 cmd/built-in.o
 .text.do_i2c_write
                0x00000000178070d4      0x144 cmd/built-in.o
 .text.do_i2c_loop
                0x0000000017807218       0xec cmd/built-in.o
 .text.i2c_init_board
                0x0000000017807304        0x4 cmd/built-in.o
                0x0000000017807304                i2c_init_board
 .text.evalexp  0x0000000017807308       0x78 cmd/built-in.o
 .text.evalstr  0x0000000017807380       0x64 cmd/built-in.o
 .text.binary_test
                0x00000000178073e4      0x1c0 cmd/built-in.o
 .text.do_itest
                0x00000000178075a4       0x88 cmd/built-in.o
 .text.bin_data_init
                0x000000001780762c       0x2c cmd/built-in.o
 .text.k_data_save
                0x0000000017807658       0x4c cmd/built-in.o
 .text.k_data_restore
                0x00000000178076a4       0x4c cmd/built-in.o
 .text.getcxmodem
                0x00000000178076f0       0x20 cmd/built-in.o
 .text.load_serial_ymodem
                0x0000000017807710       0xc8 cmd/built-in.o
 .text.bin_data_char
[...]
 .debug_line    0x000000000002a921      0x1be test/dm/built-in.o
 .debug_line    0x000000000002aadf      0x166 arch/arm/lib/eabi_compat.o
 .debug_line    0x000000000002ac45      0x108 /opt/gcc-linaro-6.4.1-2018.05-x86_64_arm-linux-gnueabi/bin/../lib/gcc/arm-linux-gnueabi/6.4.1/libgcc.a(_udivsi3.o)
 .debug_line    0x000000000002ad4d      0x119 /opt/gcc-linaro-6.4.1-2018.05-x86_64_arm-linux-gnueabi/bin/../lib/gcc/arm-linux-gnueabi/6.4.1/libgcc.a(_divsi3.o)
 .debug_line    0x000000000002ae66       0xf4 /opt/gcc-linaro-6.4.1-2018.05-x86_64_arm-linux-gnueabi/bin/../lib/gcc/arm-linux-gnueabi/6.4.1/libgcc.a(_lshrdi3.o)
 .debug_line    0x000000000002af5a       0xf4 /opt/gcc-linaro-6.4.1-2018.05-x86_64_arm-linux-gnueabi/bin/../lib/gcc/arm-linux-gnueabi/6.4.1/libgcc.a(_ashldi3.o)
 .debug_line    0x000000000002b04e       0xee /opt/gcc-linaro-6.4.1-2018.05-x86_64_arm-linux-gnueabi/bin/../lib/gcc/arm-linux-gnueabi/6.4.1/libgcc.a(_dvmd_lnx.o)

.debug_info     0x0000000000000000   0x146053
 .debug_info    0x0000000000000000       0x7f arch/arm/cpu/armv7/start.o
 .debug_info    0x000000000000007f     0xd6c9 arch/arm/cpu/armv7/built-in.o
 .debug_info    0x000000000000d748     0xc971 arch/arm/imx-common/built-in.o
 .debug_info    0x000000000001a0b9     0x8485 arch/arm/lib/built-in.o
 .debug_info    0x000000000002253e      0xbc6 board/freescale/common/built-in.o
 .debug_info    0x0000000000023104     0x666f board/freescale/mx6q_tqcorec/built-in.o
 .debug_info    0x0000000000029773    0x3341c cmd/built-in.o
 .debug_info    0x000000000005cb8f    0x3c497 common/built-in.o
 .debug_info    0x0000000000099026     0x2eae disk/built-in.o
 .debug_info    0x000000000009bed4    0x273a3 drivers/built-in.o
 .debug_info    0x00000000000c3277      0xea9 drivers/gpio/built-in.o
 .debug_info    0x00000000000c4120     0x3f5e drivers/i2c/built-in.o
 .debug_info    0x00000000000c807e     0x6cfd drivers/mmc/built-in.o
 .debug_info    0x00000000000ced7b     0x39f1 drivers/mtd/built-in.o
 .debug_info    0x00000000000d276c     0x560c drivers/mtd/spi/built-in.o
 .debug_info    0x00000000000d7d78     0x3709 drivers/net/built-in.o
 .debug_info    0x00000000000db481     0x370b drivers/net/phy/built-in.o
 .debug_info    0x00000000000deb8c     0x265f drivers/power/built-in.o
 .debug_info    0x00000000000e11eb     0x2c66 drivers/serial/built-in.o
 .debug_info    0x00000000000e3e51     0x23f7 drivers/spi/built-in.o
 .debug_info    0x00000000000e6248     0x39d2 drivers/usb/eth/built-in.o
 .debug_info    0x00000000000e9c1a    0x142fa drivers/usb/gadget/built-in.o
 .debug_info    0x00000000000fdf14     0x5673 drivers/usb/host/built-in.o
 .debug_info    0x0000000000103587    0x148a6 fs/built-in.o
 .debug_info    0x0000000000117e2d    0x1d406 lib/built-in.o
 .debug_info    0x0000000000135233     0xebba net/built-in.o
 .debug_info    0x0000000000143ded      0xe1e test/dm/built-in.o
 .debug_info    0x0000000000144c0b      0xb51 arch/arm/lib/eabi_compat.o
 .debug_info    0x000000000014575c      0x1cb /opt/gcc-linaro-6.4.1-2018.05-x86_64_arm-linux-gnueabi/bin/../lib/gcc/arm-linux-gnueabi/6.4.1/libgcc.a(_udivsi3.o)
 .debug_info    0x0000000000145927      0x1cb /opt/gcc-linaro-6.4.1-2018.05-x86_64_arm-linux-gnueabi/bin/../lib/gcc/arm-linux-gnueabi/6.4.1/libgcc.a(_divsi3.o)
 .debug_info    0x0000000000145af2      0x1cb /opt/gcc-linaro-6.4.1-2018.05-x86_64_arm-linux-gnueabi/bin/../lib/gcc/arm-linux-gnueabi/6.4.1/libgcc.a(_lshrdi3.o)
 .debug_info    0x0000000000145cbd      0x1cb /opt/gcc-linaro-6.4.1-2018.05-x86_64_arm-linux-gnueabi/bin/../lib/gcc/arm-linux-gnueabi/6.4.1/libgcc.a(_ashldi3.o)
 .debug_info    0x0000000000145e88      0x1cb /opt/gcc-linaro-6.4.1-2018.05-x86_64_arm-linux-gnueabi/bin/../lib/gcc/arm-linux-gnueabi/6.4.1/libgcc.a(_dvmd_lnx.o)

.debug_abbrev   0x0000000000000000    0x2dc38
 .debug_abbrev  0x0000000000000000       0x14 arch/arm/cpu/armv7/start.o
 .debug_abbrev  0x0000000000000014     0x1712 arch/arm/cpu/armv7/built-in.o
 .debug_abbrev  0x0000000000001726     0x1ab7 arch/arm/imx-common/built-in.o
 .debug_abbrev  0x00000000000031dd     0x1721 arch/arm/lib/built-in.o
 .debug_abbrev  0x00000000000048fe      0x2a4 board/freescale/common/built-in.o
 .debug_abbrev  0x0000000000004ba2      0x55a board/freescale/mx6q_tqcorec/built-in.o
 .debug_abbrev  0x00000000000050fc     0x7ad2 cmd/built-in.o
 .debug_abbrev  0x000000000000cbce     0x8842 common/built-in.o
 .debug_abbrev  0x0000000000015410      0x840 disk/built-in.o
 .debug_abbrev  0x0000000000015c50     0x53b8 drivers/built-in.o
 .debug_abbrev  0x000000000001b008      0x2c7 drivers/gpio/built-in.o
 .debug_abbrev  0x000000000001b2cf      0x9a5 drivers/i2c/built-in.o
 .debug_abbrev  0x000000000001bc74      0xe66 drivers/mmc/built-in.o
 .debug_abbrev  0x000000000001cada      0x79a drivers/mtd/built-in.o
 .debug_abbrev  0x000000000001d274      0xc90 drivers/mtd/spi/built-in.o
 .debug_abbrev  0x000000000001df04      0x56f drivers/net/built-in.o
 .debug_abbrev  0x000000000001e473      0x745 drivers/net/phy/built-in.o
 .debug_abbrev  0x000000000001ebb8      0x6bb drivers/power/built-in.o
 .debug_abbrev  0x000000000001f273      0x78c drivers/serial/built-in.o
 .debug_abbrev  0x000000000001f9ff      0x6f1 drivers/spi/built-in.o
 .debug_abbrev  0x00000000000200f0      0x7d4 drivers/usb/eth/built-in.o
 .debug_abbrev  0x00000000000208c4     0x215f drivers/usb/gadget/built-in.o
 .debug_abbrev  0x0000000000022a23      0x98b drivers/usb/host/built-in.o
 .debug_abbrev  0x00000000000233ae     0x2478 fs/built-in.o
 .debug_abbrev  0x0000000000025826     0x5a47 lib/built-in.o
 .debug_abbrev  0x000000000002b26d     0x246b net/built-in.o
 .debug_abbrev  0x000000000002d6d8      0x28e test/dm/built-in.o
 .debug_abbrev  0x000000000002d966      0x26e arch/arm/lib/eabi_compat.o
 .debug_abbrev  0x000000000002dbd4       0x14 /opt/gcc-linaro-6.4.1-2018.05-x86_64_arm-linux-gnueabi/bin/../lib/gcc/arm-linux-gnueabi/6.4.1/libgcc.a(_udivsi3.o)
 .debug_abbrev  0x000000000002dbe8       0x14 /opt/gcc-linaro-6.4.1-2018.05-x86_64_arm-linux-gnueabi/bin/../lib/gcc/arm-linux-gnueabi/6.4.1/libgcc.a(_divsi3.o)
 .debug_abbrev  0x000000000002dbfc       0x14 /opt/gcc-linaro-6.4.1-2018.05-x86_64_arm-linux-gnueabi/bin/../lib/gcc/arm-linux-gnueabi/6.4.1/libgcc.a(_lshrdi3.o)
 .debug_abbrev  0x000000000002dc10       0x14 /opt/gcc-linaro-6.4.1-2018.05-x86_64_arm-linux-gnueabi/bin/../lib/gcc/arm-linux-gnueabi/6.4.1/libgcc.a(_ashldi3.o)
 .debug_abbrev  0x000000000002dc24       0x14 /opt/gcc-linaro-6.4.1-2018.05-x86_64_arm-linux-gnueabi/bin/../lib/gcc/arm-linux-gnueabi/6.4.1/libgcc.a(_dvmd_lnx.o)

.debug_aranges  0x0000000000000000     0x4d60
 .debug_aranges
                0x0000000000000000       0x20 arch/arm/cpu/armv7/start.o
 .debug_aranges
                0x0000000000000020      0x2a8 arch/arm/cpu/armv7/built-in.o
 .debug_aranges
                0x00000000000002c8      0x1f8 arch/arm/imx-common/built-in.o
 .debug_aranges
                0x00000000000004c0      0x2a0 arch/arm/lib/built-in.o
 .debug_aranges
                0x0000000000000760       0x28 board/freescale/common/built-in.o
 .debug_aranges
                0x0000000000000788       0xb0 board/freescale/mx6q_tqcorec/built-in.o
 .debug_aranges
                0x0000000000000838      0x910 cmd/built-in.o
 .debug_aranges
                0x0000000000001148      0xfe0 common/built-in.o
 .debug_aranges
                0x0000000000002128       0xa0 disk/built-in.o
 .debug_aranges
                0x00000000000021c8      0x860 drivers/built-in.o
 .debug_aranges
                0x0000000000002a28       0x48 drivers/gpio/built-in.o
 .debug_aranges
                0x0000000000002a70      0x120 drivers/i2c/built-in.o
 .debug_aranges
                0x0000000000002b90      0x1b0 drivers/mmc/built-in.o
 .debug_aranges
                0x0000000000002d40      0x130 drivers/mtd/built-in.o
 .debug_aranges
                0x0000000000002e70       0xf8 drivers/mtd/spi/built-in.o
 .debug_aranges
                0x0000000000002f68       0x80 drivers/net/built-in.o
 .debug_aranges
                0x0000000000002fe8      0x100 drivers/net/phy/built-in.o
 .debug_aranges
                0x00000000000030e8       0x78 drivers/power/built-in.o
 .debug_aranges
                0x0000000000003160      0x110 drivers/serial/built-in.o
 .debug_aranges
                0x0000000000003270       0x98 drivers/spi/built-in.o
 .debug_aranges
                0x0000000000003308       0xc0 drivers/usb/eth/built-in.o
 .debug_aranges
                0x00000000000033c8      0x3f0 drivers/usb/gadget/built-in.o
 .debug_aranges
                0x00000000000037b8      0x120 drivers/usb/host/built-in.o
 .debug_aranges
                0x00000000000038d8      0x430 fs/built-in.o
 .debug_aranges
                0x0000000000003d08      0xb50 lib/built-in.o
 .debug_aranges
                0x0000000000004858      0x3f8 net/built-in.o
 .debug_aranges
                0x0000000000004c50       0x38 test/dm/built-in.o
 .debug_aranges
                0x0000000000004c88       0x38 arch/arm/lib/eabi_compat.o
 .debug_aranges
                0x0000000000004cc0       0x20 /opt/gcc-linaro-6.4.1-2018.05-x86_64_arm-linux-gnueabi/bin/../lib/gcc/arm-linux-gnueabi/6.4.1/libgcc.a(_udivsi3.o)
 .debug_aranges
                0x0000000000004ce0       0x20 /opt/gcc-linaro-6.4.1-2018.05-x86_64_arm-linux-gnueabi/bin/../lib/gcc/arm-linux-gnueabi/6.4.1/libgcc.a(_divsi3.o)
 .debug_aranges
                0x0000000000004d00       0x20 /opt/gcc-linaro-6.4.1-2018.05-x86_64_arm-linux-gnueabi/bin/../lib/gcc/arm-linux-gnueabi/6.4.1/libgcc.a(_lshrdi3.o)
 .debug_aranges
                0x0000000000004d20       0x20 /opt/gcc-linaro-6.4.1-2018.05-x86_64_arm-linux-gnueabi/bin/../lib/gcc/arm-linux-gnueabi/6.4.1/libgcc.a(_ashldi3.o)
 .debug_aranges
                0x0000000000004d40       0x20 /opt/gcc-linaro-6.4.1-2018.05-x86_64_arm-linux-gnueabi/bin/../lib/gcc/arm-linux-gnueabi/6.4.1/libgcc.a(_dvmd_lnx.o)

.debug_frame    0x0000000000000000     0xd85c
 .debug_frame   0x0000000000000000      0x62c arch/arm/cpu/armv7/built-in.o
 .debug_frame   0x000000000000062c      0x3dc arch/arm/imx-common/built-in.o
 .debug_frame   0x0000000000000a08      0x474 arch/arm/lib/built-in.o
 .debug_frame   0x0000000000000e7c       0x40 board/freescale/common/built-in.o
 .debug_frame   0x0000000000000ebc      0x1b8 board/freescale/mx6q_tqcorec/built-in.o
 .debug_frame   0x0000000000001074     0x1808 cmd/built-in.o
 .debug_frame   0x000000000000287c     0x2f48 common/built-in.o
 .debug_frame   0x00000000000057c4      0x234 disk/built-in.o
 .debug_frame   0x00000000000059f8     0x1770 drivers/built-in.o
 .debug_frame   0x0000000000007168       0x78 drivers/gpio/built-in.o
 .debug_frame   0x00000000000071e0      0x334 drivers/i2c/built-in.o
 .debug_frame   0x0000000000007514      0x5ac drivers/mmc/built-in.o
 .debug_frame   0x0000000000007ac0      0x460 drivers/mtd/built-in.o
 .debug_frame   0x0000000000007f20      0x2b4 drivers/mtd/spi/built-in.o
 .debug_frame   0x00000000000081d4      0x18c drivers/net/built-in.o
 .debug_frame   0x0000000000008360      0x2f4 drivers/net/phy/built-in.o
 .debug_frame   0x0000000000008654      0x130 drivers/power/built-in.o
 .debug_frame   0x0000000000008784      0x298 drivers/serial/built-in.o
 .debug_frame   0x0000000000008a1c      0x17c drivers/spi/built-in.o
 .debug_frame   0x0000000000008b98      0x264 drivers/usb/eth/built-in.o
 .debug_frame   0x0000000000008dfc      0xc04 drivers/usb/gadget/built-in.o
 .debug_frame   0x0000000000009a00      0x328 drivers/usb/host/built-in.o
 .debug_frame   0x0000000000009d28      0xe84 fs/built-in.o
 .debug_frame   0x000000000000abac     0x1f30 lib/built-in.o
 .debug_frame   0x000000000000cadc      0xc34 net/built-in.o
 .debug_frame   0x000000000000d710       0x7c test/dm/built-in.o
 .debug_frame   0x000000000000d78c       0x68 arch/arm/lib/eabi_compat.o
 .debug_frame   0x000000000000d7f4       0x20 /opt/gcc-linaro-6.4.1-2018.05-x86_64_arm-linux-gnueabi/bin/../lib/gcc/arm-linux-gnueabi/6.4.1/libgcc.a(_udivsi3.o)
 .debug_frame   0x000000000000d814       0x20 /opt/gcc-linaro-6.4.1-2018.05-x86_64_arm-linux-gnueabi/bin/../lib/gcc/arm-linux-gnueabi/6.4.1/libgcc.a(_divsi3.o)
 .debug_frame   0x000000000000d834       0x28 /opt/gcc-linaro-6.4.1-2018.05-x86_64_arm-linux-gnueabi/bin/../lib/gcc/arm-linux-gnueabi/6.4.1/libgcc.a(_dvmd_lnx.o)

.debug_str      0x0000000000000000    0x2457c
 .debug_str     0x0000000000000000     0x6ff7 arch/arm/cpu/armv7/built-in.o
                                       0xbd36 (size before relaxing)
 .debug_str     0x0000000000006ff7     0x10d1 arch/arm/imx-common/built-in.o
                                       0xcc22 (size before relaxing)
 .debug_str     0x00000000000080c8     0x1087 arch/arm/lib/built-in.o
                                       0x6a76 (size before relaxing)
 .debug_str     0x000000000000914f       0x8a board/freescale/common/built-in.o
                                        0x9a1 (size before relaxing)
 .debug_str     0x00000000000091d9     0x7eb1 board/freescale/mx6q_tqcorec/built-in.o
                                       0x9b6a (size before relaxing)
 .debug_str     0x000000000001108a     0x388f cmd/built-in.o
                                      0x1fecc (size before relaxing)
 .debug_str     0x0000000000014919     0x3a8a common/built-in.o
                                      0x26521 (size before relaxing)
 .debug_str     0x00000000000183a3      0x252 disk/built-in.o
                                       0x1952 (size before relaxing)
 .debug_str     0x00000000000185f5     0x3128 drivers/built-in.o
                                      0x192c5 (size before relaxing)
 .debug_str     0x000000000001b71d       0x87 drivers/gpio/built-in.o
                                        0xad5 (size before relaxing)
 .debug_str     0x000000000001b7a4      0x279 drivers/i2c/built-in.o
                                       0x21be (size before relaxing)
 .debug_str     0x000000000001ba1d      0x5a1 drivers/mmc/built-in.o
                                       0x31b3 (size before relaxing)
 .debug_str     0x000000000001bfbe      0x8fc drivers/mtd/built-in.o
                                       0x2119 (size before relaxing)
 .debug_str     0x000000000001c8ba      0x4c7 drivers/mtd/spi/built-in.o
                                       0x3793 (size before relaxing)
 .debug_str     0x000000000001cd81      0x752 drivers/net/built-in.o
                                       0x165b (size before relaxing)
 .debug_str     0x000000000001d4d3      0x263 drivers/net/phy/built-in.o
                                       0x1d41 (size before relaxing)
 .debug_str     0x000000000001d736      0x223 drivers/power/built-in.o
                                       0x16f4 (size before relaxing)
 .debug_str     0x000000000001d959      0x1e1 drivers/serial/built-in.o
                                       0x20da (size before relaxing)
 .debug_str     0x000000000001db3a      0x168 drivers/spi/built-in.o
                                       0x173c (size before relaxing)
 .debug_str     0x000000000001dca2      0x34f drivers/usb/eth/built-in.o
                                       0x20cc (size before relaxing)
 .debug_str     0x000000000001dff1     0x1e22 drivers/usb/gadget/built-in.o
                                       0x9100 (size before relaxing)
 .debug_str     0x000000000001fe13      0x5a8 drivers/usb/host/built-in.o
                                       0x2e38 (size before relaxing)
 .debug_str     0x00000000000203bb     0x1854 fs/built-in.o
                                       0x97de (size before relaxing)
 .debug_str     0x0000000000021c0f     0x16c6 lib/built-in.o
                                      0x128c2 (size before relaxing)
 .debug_str     0x00000000000232d5     0x11ba net/built-in.o
                                       0x9fdc (size before relaxing)
 .debug_str     0x000000000002448f       0x79 test/dm/built-in.o
                                        0xb17 (size before relaxing)
 .debug_str     0x0000000000024508       0x74 arch/arm/lib/eabi_compat.o
                                        0x983 (size before relaxing)

.debug_loc      0x0000000000000000    0x6fdf0
 .debug_loc     0x0000000000000000     0x2850 arch/arm/cpu/armv7/built-in.o
 .debug_loc     0x0000000000002850      0xeb4 arch/arm/imx-common/built-in.o
 .debug_loc     0x0000000000003704      0xafd arch/arm/lib/built-in.o
 .debug_loc     0x0000000000004201       0x31 board/freescale/common/built-in.o
 .debug_loc     0x0000000000004232      0x800 board/freescale/mx6q_tqcorec/built-in.o
 .debug_loc     0x0000000000004a32     0xf01e cmd/built-in.o
 .debug_loc     0x0000000000013a50    0x13a00 common/built-in.o
 .debug_loc     0x0000000000027450      0xf64 disk/built-in.o
 .debug_loc     0x00000000000283b4     0xc844 drivers/built-in.o
 .debug_loc     0x0000000000034bf8      0x50e drivers/gpio/built-in.o
 .debug_loc     0x0000000000035106     0x1231 drivers/i2c/built-in.o
 .debug_loc     0x0000000000036337     0x3094 drivers/mmc/built-in.o
 .debug_loc     0x00000000000393cb     0x18bb drivers/mtd/built-in.o
 .debug_loc     0x000000000003ac86     0x2045 drivers/mtd/spi/built-in.o
 .debug_loc     0x000000000003cccb     0x16d3 drivers/net/built-in.o
 .debug_loc     0x000000000003e39e     0x1e6a drivers/net/phy/built-in.o
 .debug_loc     0x0000000000040208      0x70d drivers/power/built-in.o
 .debug_loc     0x0000000000040915      0x586 drivers/serial/built-in.o
 .debug_loc     0x0000000000040e9b      0xeef drivers/spi/built-in.o
 .debug_loc     0x0000000000041d8a      0xdda drivers/usb/eth/built-in.o
 .debug_loc     0x0000000000042b64     0x95fa drivers/usb/gadget/built-in.o
 .debug_loc     0x000000000004c15e     0x236b drivers/usb/host/built-in.o
 .debug_loc     0x000000000004e4c9     0xc8df fs/built-in.o
 .debug_loc     0x000000000005ada8    0x10108 lib/built-in.o
 .debug_loc     0x000000000006aeb0     0x4bae net/built-in.o
 .debug_loc     0x000000000006fa5e      0x28a test/dm/built-in.o
 .debug_loc     0x000000000006fce8      0x108 arch/arm/lib/eabi_compat.o

.debug_ranges   0x0000000000000000     0xb168
 .debug_ranges  0x0000000000000000      0x5a0 arch/arm/cpu/armv7/built-in.o
 .debug_ranges  0x00000000000005a0      0x298 arch/arm/imx-common/built-in.o
 .debug_ranges  0x0000000000000838      0x248 arch/arm/lib/built-in.o
 .debug_ranges  0x0000000000000a80       0x18 board/freescale/common/built-in.o
 .debug_ranges  0x0000000000000a98      0x120 board/freescale/mx6q_tqcorec/built-in.o
 .debug_ranges  0x0000000000000bb8     0x1370 cmd/built-in.o
 .debug_ranges  0x0000000000001f28     0x1d70 common/built-in.o
 .debug_ranges  0x0000000000003c98      0x120 disk/built-in.o
 .debug_ranges  0x0000000000003db8     0x1910 drivers/built-in.o
 .debug_ranges  0x00000000000056c8       0x50 drivers/gpio/built-in.o
 .debug_ranges  0x0000000000005718      0x2b0 drivers/i2c/built-in.o
 .debug_ranges  0x00000000000059c8      0x510 drivers/mmc/built-in.o
 .debug_ranges  0x0000000000005ed8      0x140 drivers/mtd/built-in.o
 .debug_ranges  0x0000000000006018      0x258 drivers/mtd/spi/built-in.o
 .debug_ranges  0x0000000000006270      0x3e8 drivers/net/built-in.o
 .debug_ranges  0x0000000000006658      0x390 drivers/net/phy/built-in.o
 .debug_ranges  0x00000000000069e8       0xd0 drivers/power/built-in.o
 .debug_ranges  0x0000000000006ab8      0x108 drivers/serial/built-in.o
 .debug_ranges  0x0000000000006bc0      0x130 drivers/spi/built-in.o
 .debug_ranges  0x0000000000006cf0      0x1f8 drivers/usb/eth/built-in.o
 .debug_ranges  0x0000000000006ee8     0x1430 drivers/usb/gadget/built-in.o
 .debug_ranges  0x0000000000008318      0x360 drivers/usb/host/built-in.o
 .debug_ranges  0x0000000000008678      0xde0 fs/built-in.o
 .debug_ranges  0x0000000000009458     0x12f8 lib/built-in.o
 .debug_ranges  0x000000000000a750      0x9c8 net/built-in.o
 .debug_ranges  0x000000000000b118       0x28 test/dm/built-in.o
 .debug_ranges  0x000000000000b140       0x28 arch/arm/lib/eabi_compat.o
